Archive member included to satisfy reference by file (symbol)

c:/program files (x86)/atollic/truestudio for arm 6.0.0/armtools/bin/../lib/gcc/arm-atollic-eabi/5.3.1/../../../../arm-atollic-eabi/lib/armv7-m\libc_nano.a(lib_a-init.o)
                              src\startup_stm32l1xx_hd.o (__libc_init_array)
c:/program files (x86)/atollic/truestudio for arm 6.0.0/armtools/bin/../lib/gcc/arm-atollic-eabi/5.3.1/../../../../arm-atollic-eabi/lib/armv7-m\libc_nano.a(lib_a-strlen.o)
                              src\tiny_printf.o (strlen)
c:/program files (x86)/atollic/truestudio for arm 6.0.0/armtools/bin/../lib/gcc/arm-atollic-eabi/5.3.1/../../../../arm-atollic-eabi/lib/armv7-m\libm.a(lib_a-s_ceil.o)
                              src\communication\rx.o (ceil)
c:/program files (x86)/atollic/truestudio for arm 6.0.0/armtools/bin/../lib/gcc/arm-atollic-eabi/5.3.1/../../../../arm-atollic-eabi/lib/armv7-m\libm.a(lib_a-wf_atan2.o)
                              src\functions.o (atan2f)
c:/program files (x86)/atollic/truestudio for arm 6.0.0/armtools/bin/../lib/gcc/arm-atollic-eabi/5.3.1/../../../../arm-atollic-eabi/lib/armv7-m\libm.a(lib_a-ef_atan2.o)
                              c:/program files (x86)/atollic/truestudio for arm 6.0.0/armtools/bin/../lib/gcc/arm-atollic-eabi/5.3.1/../../../../arm-atollic-eabi/lib/armv7-m\libm.a(lib_a-wf_atan2.o) (__ieee754_atan2f)
c:/program files (x86)/atollic/truestudio for arm 6.0.0/armtools/bin/../lib/gcc/arm-atollic-eabi/5.3.1/../../../../arm-atollic-eabi/lib/armv7-m\libm.a(lib_a-sf_atan.o)
                              c:/program files (x86)/atollic/truestudio for arm 6.0.0/armtools/bin/../lib/gcc/arm-atollic-eabi/5.3.1/../../../../arm-atollic-eabi/lib/armv7-m\libm.a(lib_a-ef_atan2.o) (atanf)
c:/program files (x86)/atollic/truestudio for arm 6.0.0/armtools/bin/../lib/gcc/arm-atollic-eabi/5.3.1/../../../../arm-atollic-eabi/lib/armv7-m\libm.a(lib_a-sf_fabs.o)
                              c:/program files (x86)/atollic/truestudio for arm 6.0.0/armtools/bin/../lib/gcc/arm-atollic-eabi/5.3.1/../../../../arm-atollic-eabi/lib/armv7-m\libm.a(lib_a-ef_atan2.o) (fabsf)
c:/program files (x86)/atollic/truestudio for arm 6.0.0/armtools/bin/../lib/gcc/arm-atollic-eabi/5.3.1/armv7-m\libgcc.a(_arm_addsubdf3.o)
                              src\functions.o (__aeabi_dadd)
c:/program files (x86)/atollic/truestudio for arm 6.0.0/armtools/bin/../lib/gcc/arm-atollic-eabi/5.3.1/armv7-m\libgcc.a(_arm_muldivdf3.o)
                              src\functions.o (__aeabi_dmul)
c:/program files (x86)/atollic/truestudio for arm 6.0.0/armtools/bin/../lib/gcc/arm-atollic-eabi/5.3.1/armv7-m\libgcc.a(_arm_cmpdf2.o)
                              c:/program files (x86)/atollic/truestudio for arm 6.0.0/armtools/bin/../lib/gcc/arm-atollic-eabi/5.3.1/../../../../arm-atollic-eabi/lib/armv7-m\libm.a(lib_a-s_ceil.o) (__aeabi_dcmpgt)
c:/program files (x86)/atollic/truestudio for arm 6.0.0/armtools/bin/../lib/gcc/arm-atollic-eabi/5.3.1/armv7-m\libgcc.a(_arm_fixdfsi.o)
                              src\communication\rx.o (__aeabi_d2iz)
c:/program files (x86)/atollic/truestudio for arm 6.0.0/armtools/bin/../lib/gcc/arm-atollic-eabi/5.3.1/armv7-m\libgcc.a(_arm_truncdfsf2.o)
                              src\functions.o (__aeabi_d2f)
c:/program files (x86)/atollic/truestudio for arm 6.0.0/armtools/bin/../lib/gcc/arm-atollic-eabi/5.3.1/armv7-m\libgcc.a(_arm_addsubsf3.o)
                              src\communication\usart.o (__aeabi_fsub)
c:/program files (x86)/atollic/truestudio for arm 6.0.0/armtools/bin/../lib/gcc/arm-atollic-eabi/5.3.1/armv7-m\libgcc.a(_arm_muldivsf3.o)
                              src\communication\rx.o (__aeabi_fmul)
c:/program files (x86)/atollic/truestudio for arm 6.0.0/armtools/bin/../lib/gcc/arm-atollic-eabi/5.3.1/armv7-m\libgcc.a(_arm_cmpsf2.o)
                              src\communication\rx.o (__aeabi_fcmpeq)
c:/program files (x86)/atollic/truestudio for arm 6.0.0/armtools/bin/../lib/gcc/arm-atollic-eabi/5.3.1/armv7-m\libgcc.a(_arm_fixsfsi.o)
                              src\communication\usart.o (__aeabi_f2iz)
c:/program files (x86)/atollic/truestudio for arm 6.0.0/armtools/bin/../lib/gcc/arm-atollic-eabi/5.3.1/../../../../arm-atollic-eabi/lib/armv7-m\libnosys.a(write.o)
                              src\tiny_printf.o (_write)
c:/program files (x86)/atollic/truestudio for arm 6.0.0/armtools/bin/../lib/gcc/arm-atollic-eabi/5.3.1/../../../../arm-atollic-eabi/lib/armv7-m\libnosys.a(errno.o)
                              c:/program files (x86)/atollic/truestudio for arm 6.0.0/armtools/bin/../lib/gcc/arm-atollic-eabi/5.3.1/../../../../arm-atollic-eabi/lib/armv7-m\libnosys.a(write.o) (errno)

Allocating common symbols
Common symbol       size              file

desired_pitch       0x4               src\functions.o
desired_yaw         0x4               src\functions.o
accelerometer_data  0xc               src\device_libraries\MPU_9250.o
desired_roll        0x4               src\functions.o
[...]
Memory Configuration

Name             Origin             Length             Attributes
FLASH            0x08000000         0x00080000         xr
RAM              0x20000000         0x00014000         xrw
MEMORY_B1        0x60000000         0x00000000         xr
*default*        0x00000000         0xffffffff

Linker script and memory map

LOAD c:/program files (x86)/atollic/truestudio for arm 6.0.0/armtools/bin/../lib/gcc/arm-atollic-eabi/5.3.1/armv7-m/crti.o
LOAD c:/program files (x86)/atollic/truestudio for arm 6.0.0/armtools/bin/../lib/gcc/arm-atollic-eabi/5.3.1/armv7-m/crtbegin.o
LOAD Libraries\STM32L1xx_StdPeriph_Driver\src\misc.o
LOAD Libraries\STM32L1xx_StdPeriph_Driver\src\stm32l1xx_adc.o
LOAD Libraries\STM32L1xx_StdPeriph_Driver\src\stm32l1xx_aes.o
LOAD Libraries\STM32L1xx_StdPeriph_Driver\src\stm32l1xx_aes_util.o
LOAD Libraries\STM32L1xx_StdPeriph_Driver\src\stm32l1xx_comp.o
LOAD Libraries\STM32L1xx_StdPeriph_Driver\src\stm32l1xx_crc.o
LOAD Libraries\STM32L1xx_StdPeriph_Driver\src\stm32l1xx_dac.o
LOAD Libraries\STM32L1xx_StdPeriph_Driver\src\stm32l1xx_dbgmcu.o
LOAD Libraries\STM32L1xx_StdPeriph_Driver\src\stm32l1xx_dma.o
LOAD Libraries\STM32L1xx_StdPeriph_Driver\src\stm32l1xx_exti.o
LOAD Libraries\STM32L1xx_StdPeriph_Driver\src\stm32l1xx_flash.o
LOAD Libraries\STM32L1xx_StdPeriph_Driver\src\stm32l1xx_flash_ramfunc.o
LOAD Libraries\STM32L1xx_StdPeriph_Driver\src\stm32l1xx_fsmc.o
LOAD Libraries\STM32L1xx_StdPeriph_Driver\src\stm32l1xx_gpio.o
LOAD Libraries\STM32L1xx_StdPeriph_Driver\src\stm32l1xx_i2c.o
LOAD Libraries\STM32L1xx_StdPeriph_Driver\src\stm32l1xx_iwdg.o
LOAD Libraries\STM32L1xx_StdPeriph_Driver\src\stm32l1xx_lcd.o
LOAD Libraries\STM32L1xx_StdPeriph_Driver\src\stm32l1xx_opamp.o
LOAD Libraries\STM32L1xx_StdPeriph_Driver\src\stm32l1xx_pwr.o
LOAD Libraries\STM32L1xx_StdPeriph_Driver\src\stm32l1xx_rcc.o
LOAD Libraries\STM32L1xx_StdPeriph_Driver\src\stm32l1xx_rtc.o
LOAD Libraries\STM32L1xx_StdPeriph_Driver\src\stm32l1xx_sdio.o
LOAD Libraries\STM32L1xx_StdPeriph_Driver\src\stm32l1xx_spi.o
LOAD Libraries\STM32L1xx_StdPeriph_Driver\src\stm32l1xx_syscfg.o
LOAD Libraries\STM32L1xx_StdPeriph_Driver\src\stm32l1xx_tim.o
LOAD Libraries\STM32L1xx_StdPeriph_Driver\src\stm32l1xx_usart.o
LOAD Libraries\STM32L1xx_StdPeriph_Driver\src\stm32l1xx_wwdg.o
LOAD src\common\delay.o
LOAD src\communication\rx.o
LOAD src\communication\spi.o
LOAD src\communication\usart.o
LOAD src\device_libraries\MPU_9250.o
LOAD src\device_libraries\motor_control.o
LOAD src\functions.o
LOAD src\main.o
LOAD src\startup_stm32l1xx_hd.o
LOAD src\stm32l1xx_it.o
LOAD src\system_stm32l1xx.o
LOAD src\tiny_printf.o
START GROUP
LOAD c:/program files (x86)/atollic/truestudio for arm 6.0.0/armtools/bin/../lib/gcc/arm-atollic-eabi/5.3.1/../../../../arm-atollic-eabi/lib/armv7-m\libc_nano.a
LOAD c:/program files (x86)/atollic/truestudio for arm 6.0.0/armtools/bin/../lib/gcc/arm-atollic-eabi/5.3.1/../../../../arm-atollic-eabi/lib/armv7-m\libm.a
END GROUP
                0x00000080                malloc_getpagesize_P = 0x80
START GROUP
LOAD c:/program files (x86)/atollic/truestudio for arm 6.0.0/armtools/bin/../lib/gcc/arm-atollic-eabi/5.3.1/armv7-m\libgcc.a
LOAD c:/program files (x86)/atollic/truestudio for arm 6.0.0/armtools/bin/../lib/gcc/arm-atollic-eabi/5.3.1/../../../../arm-atollic-eabi/lib/armv7-m\libc_nano.a
END GROUP
START GROUP
LOAD c:/program files (x86)/atollic/truestudio for arm 6.0.0/armtools/bin/../lib/gcc/arm-atollic-eabi/5.3.1/armv7-m\libgcc.a
LOAD c:/program files (x86)/atollic/truestudio for arm 6.0.0/armtools/bin/../lib/gcc/arm-atollic-eabi/5.3.1/../../../../arm-atollic-eabi/lib/armv7-m\libc_nano.a
LOAD c:/program files (x86)/atollic/truestudio for arm 6.0.0/armtools/bin/../lib/gcc/arm-atollic-eabi/5.3.1/../../../../arm-atollic-eabi/lib/armv7-m\libnosys.a
END GROUP
START GROUP
LOAD c:/program files (x86)/atollic/truestudio for arm 6.0.0/armtools/bin/../lib/gcc/arm-atollic-eabi/5.3.1/armv7-m\libgcc.a
LOAD c:/program files (x86)/atollic/truestudio for arm 6.0.0/armtools/bin/../lib/gcc/arm-atollic-eabi/5.3.1/../../../../arm-atollic-eabi/lib/armv7-m\libc_nano.a
LOAD c:/program files (x86)/atollic/truestudio for arm 6.0.0/armtools/bin/../lib/gcc/arm-atollic-eabi/5.3.1/../../../../arm-atollic-eabi/lib/armv7-m\libnosys.a
END GROUP
LOAD c:/program files (x86)/atollic/truestudio for arm 6.0.0/armtools/bin/../lib/gcc/arm-atollic-eabi/5.3.1/armv7-m/crtend.o
LOAD c:/program files (x86)/atollic/truestudio for arm 6.0.0/armtools/bin/../lib/gcc/arm-atollic-eabi/5.3.1/armv7-m/crtn.o
                0x20014000                _estack = 0x20014000
                0x00000000                _Min_Heap_Size = 0x0
                0x00000400                _Min_Stack_Size = 0x400

.isr_vector     0x08000000      0x13c
                0x08000000                . = ALIGN (0x4)
 *(.isr_vector)
 .isr_vector    0x08000000      0x13c src\startup_stm32l1xx_hd.o
                0x08000000                g_pfnVectors
                0x0800013c                . = ALIGN (0x4)

.text           0x08000140     0x3fc4
                0x08000140                . = ALIGN (0x4)
 *(.text)
 .text          0x08000140       0x40 c:/program files (x86)/atollic/truestudio for arm 6.0.0/armtools/bin/../lib/gcc/arm-atollic-eabi/5.3.1/armv7-m/crtbegin.o
 .text          0x08000180      0x370 c:/program files (x86)/atollic/truestudio for arm 6.0.0/armtools/bin/../lib/gcc/arm-atollic-eabi/5.3.1/armv7-m\libgcc.a(_arm_addsubdf3.o)
                0x08000180                __aeabi_drsub
                0x08000188                __aeabi_dsub
                0x08000188                __subdf3
                0x0800018c                __aeabi_dadd
                0x0800018c                __adddf3
                0x08000404                __floatunsidf
                0x08000404                __aeabi_ui2d
                0x08000424                __floatsidf
                0x08000424                __aeabi_i2d
                0x08000448                __aeabi_f2d
                0x08000448                __extendsfdf2
                0x08000484                __floatundidf
                0x08000484                __aeabi_ul2d
                0x08000494                __floatdidf
                0x08000494                __aeabi_l2d
 .text          0x080004f0      0x424 c:/program files (x86)/atollic/truestudio for arm 6.0.0/armtools/bin/../lib/gcc/arm-atollic-eabi/5.3.1/armv7-m\libgcc.a(_arm_muldivdf3.o)
                0x080004f0                __aeabi_dmul
                0x080004f0                __muldf3
                0x08000744                __divdf3
                0x08000744                __aeabi_ddiv
 .text          0x08000914      0x110 c:/program files (x86)/atollic/truestudio for arm 6.0.0/armtools/bin/../lib/gcc/arm-atollic-eabi/5.3.1/armv7-m\libgcc.a(_arm_cmpdf2.o)
                0x08000914                __gtdf2
                0x08000914                __gedf2
                0x0800091c                __ltdf2
                0x0800091c                __ledf2
                0x08000924                __nedf2
                0x08000924                __eqdf2
                0x08000924                __cmpdf2
                0x080009a0                __aeabi_cdrcmple
                0x080009b0                __aeabi_cdcmpeq
                0x080009b0                __aeabi_cdcmple
                0x080009c0                __aeabi_dcmpeq
                0x080009d4                __aeabi_dcmplt
                0x080009e8                __aeabi_dcmple
                0x080009fc                __aeabi_dcmpge
                0x08000a10                __aeabi_dcmpgt
 .text          0x08000a24       0x50 c:/program files (x86)/atollic/truestudio for arm 6.0.0/armtools/bin/../lib/gcc/arm-atollic-eabi/5.3.1/armv7-m\libgcc.a(_arm_fixdfsi.o)
                0x08000a24                __aeabi_d2iz
                0x08000a24                __fixdfsi
 .text          0x08000a74       0xa0 c:/program files (x86)/atollic/truestudio for arm 6.0.0/armtools/bin/../lib/gcc/arm-atollic-eabi/5.3.1/armv7-m\libgcc.a(_arm_truncdfsf2.o)
                0x08000a74                __truncdfsf2
                0x08000a74                __aeabi_d2f
 .text          0x08000b14      0x21c c:/program files (x86)/atollic/truestudio for arm 6.0.0/armtools/bin/../lib/gcc/arm-atollic-eabi/5.3.1/armv7-m\libgcc.a(_arm_addsubsf3.o)
                0x08000b14                __aeabi_frsub
                0x08000b1c                __subsf3
                0x08000b1c                __aeabi_fsub
                0x08000b20                __aeabi_fadd
                0x08000b20                __addsf3
                0x08000c80                __aeabi_ui2f
                0x08000c80                __floatunsisf
                0x08000c88                __aeabi_i2f
                0x08000c88                __floatsisf
                0x08000ca4                __aeabi_ul2f
                0x08000ca4                __floatundisf
                0x08000cb4                __aeabi_l2f
                0x08000cb4                __floatdisf
 .text          0x08000d30      0x2a0 c:/program files (x86)/atollic/truestudio for arm 6.0.0/armtools/bin/../lib/gcc/arm-atollic-eabi/5.3.1/armv7-m\libgcc.a(_arm_muldivsf3.o)
                0x08000d30                __mulsf3
                0x08000d30                __aeabi_fmul
                0x08000e98                __aeabi_fdiv
                0x08000e98                __divsf3
 .text          0x08000fd0       0xec c:/program files (x86)/atollic/truestudio for arm 6.0.0/armtools/bin/../lib/gcc/arm-atollic-eabi/5.3.1/armv7-m\libgcc.a(_arm_cmpsf2.o)
                0x08000fd0                __gesf2
                0x08000fd0                __gtsf2
                0x08000fd8                __lesf2
                0x08000fd8                __ltsf2
                0x08000fe0                __nesf2
                0x08000fe0                __eqsf2
                0x08000fe0                __cmpsf2
                0x08001040                __aeabi_cfrcmple
                0x08001048                __aeabi_cfcmpeq
                0x08001048                __aeabi_cfcmple
                0x08001058                __aeabi_fcmpeq
                0x0800106c                __aeabi_fcmplt
                0x08001080                __aeabi_fcmple
                0x08001094                __aeabi_fcmpge
                0x080010a8                __aeabi_fcmpgt
 .text          0x080010bc       0x4c c:/program files (x86)/atollic/truestudio for arm 6.0.0/armtools/bin/../lib/gcc/arm-atollic-eabi/5.3.1/armv7-m\libgcc.a(_arm_fixsfsi.o)
                0x080010bc                __aeabi_f2iz
                0x080010bc                __fixsfsi
 *(.text*)
 .text.NVIC_PriorityGroupConfig
                0x08001108       0x24 Libraries\STM32L1xx_StdPeriph_Driver\src\misc.o
                0x08001108                NVIC_PriorityGroupConfig
 .text.NVIC_Init
                0x0800112c       0xc0 Libraries\STM32L1xx_StdPeriph_Driver\src\misc.o
                0x0800112c                NVIC_Init
 .text.GPIO_Init
                0x080011ec      0x12c Libraries\STM32L1xx_StdPeriph_Driver\src\stm32l1xx_gpio.o
                0x080011ec                GPIO_Init
 .text.GPIO_SetBits
                0x08001318       0x1c Libraries\STM32L1xx_StdPeriph_Driver\src\stm32l1xx_gpio.o
                0x08001318                GPIO_SetBits
 .text.GPIO_ResetBits
                0x08001334       0x1c Libraries\STM32L1xx_StdPeriph_Driver\src\stm32l1xx_gpio.o
                0x08001334                GPIO_ResetBits
 .text.GPIO_PinAFConfig
                0x08001350       0x90 Libraries\STM32L1xx_StdPeriph_Driver\src\stm32l1xx_gpio.o
                0x08001350                GPIO_PinAFConfig
 .text.RCC_GetClocksFreq
                0x080013e0      0x1b4 Libraries\STM32L1xx_StdPeriph_Driver\src\stm32l1xx_rcc.o
                0x080013e0                RCC_GetClocksFreq
 .text.RCC_AHBPeriphClockCmd
                0x08001594       0x3c Libraries\STM32L1xx_StdPeriph_Driver\src\stm32l1xx_rcc.o
                0x08001594                RCC_AHBPeriphClockCmd
 .text.RCC_APB2PeriphClockCmd
                0x080015d0       0x3c Libraries\STM32L1xx_StdPeriph_Driver\src\stm32l1xx_rcc.o
                0x080015d0                RCC_APB2PeriphClockCmd
 .text.RCC_APB1PeriphClockCmd
                0x0800160c       0x3c Libraries\STM32L1xx_StdPeriph_Driver\src\stm32l1xx_rcc.o
                0x0800160c                RCC_APB1PeriphClockCmd
 .text.SPI_Init
                0x08001648       0x88 Libraries\STM32L1xx_StdPeriph_Driver\src\stm32l1xx_spi.o
                0x08001648                SPI_Init
 .text.SPI_Cmd  0x080016d0       0x40 Libraries\STM32L1xx_StdPeriph_Driver\src\stm32l1xx_spi.o
                0x080016d0                SPI_Cmd
 .text.SPI_I2S_ReceiveData
                0x08001710       0x18 Libraries\STM32L1xx_StdPeriph_Driver\src\stm32l1xx_spi.o
                0x08001710                SPI_I2S_ReceiveData
 .text.SPI_I2S_SendData
                0x08001728       0x1c Libraries\STM32L1xx_StdPeriph_Driver\src\stm32l1xx_spi.o
                0x08001728                SPI_I2S_SendData
 .text.SPI_I2S_GetFlagStatus
                0x08001744       0x38 Libraries\STM32L1xx_StdPeriph_Driver\src\stm32l1xx_spi.o
                0x08001744                SPI_I2S_GetFlagStatus
 .text.TIM_TimeBaseInit
                0x0800177c       0xa4 Libraries\STM32L1xx_StdPeriph_Driver\src\stm32l1xx_tim.o
                0x0800177c                TIM_TimeBaseInit
 .text.TIM_Cmd  0x08001820       0x40 Libraries\STM32L1xx_StdPeriph_Driver\src\stm32l1xx_tim.o
                0x08001820                TIM_Cmd
 .text.TIM_OC1Init
                0x08001860       0x84 Libraries\STM32L1xx_StdPeriph_Driver\src\stm32l1xx_tim.o
                0x08001860                TIM_OC1Init
 .text.TIM_OC2Init
                0x080018e4       0x88 Libraries\STM32L1xx_StdPeriph_Driver\src\stm32l1xx_tim.o
                0x080018e4                TIM_OC2Init
 .text.TIM_OC3Init
                0x0800196c       0x84 Libraries\STM32L1xx_StdPeriph_Driver\src\stm32l1xx_tim.o
                0x0800196c                TIM_OC3Init
 .text.TIM_OC4Init
                0x080019f0       0x88 Libraries\STM32L1xx_StdPeriph_Driver\src\stm32l1xx_tim.o
                0x080019f0                TIM_OC4Init
 .text.TIM_OC1PreloadConfig
                0x08001a78       0x38 Libraries\STM32L1xx_StdPeriph_Driver\src\stm32l1xx_tim.o
                0x08001a78                TIM_OC1PreloadConfig
 .text.TIM_OC2PreloadConfig
                0x08001ab0       0x3c Libraries\STM32L1xx_StdPeriph_Driver\src\stm32l1xx_tim.o
                0x08001ab0                TIM_OC2PreloadConfig
 .text.TIM_OC3PreloadConfig
                0x08001aec       0x38 Libraries\STM32L1xx_StdPeriph_Driver\src\stm32l1xx_tim.o
                0x08001aec                TIM_OC3PreloadConfig
 .text.TIM_OC4PreloadConfig
                0x08001b24       0x3c Libraries\STM32L1xx_StdPeriph_Driver\src\stm32l1xx_tim.o
                0x08001b24                TIM_OC4PreloadConfig
 .text.TIM_PWMIConfig
                0x08001b60       0xb8 Libraries\STM32L1xx_StdPeriph_Driver\src\stm32l1xx_tim.o
                0x08001b60                TIM_PWMIConfig
 .text.TIM_GetCapture1
                0x08001c18       0x18 Libraries\STM32L1xx_StdPeriph_Driver\src\stm32l1xx_tim.o
                0x08001c18                TIM_GetCapture1
 .text.TIM_GetCapture2
                0x08001c30       0x18 Libraries\STM32L1xx_StdPeriph_Driver\src\stm32l1xx_tim.o
                0x08001c30                TIM_GetCapture2
 .text.TIM_SetIC1Prescaler
                0x08001c48       0x38 Libraries\STM32L1xx_StdPeriph_Driver\src\stm32l1xx_tim.o
                0x08001c48                TIM_SetIC1Prescaler
 .text.TIM_SetIC2Prescaler
                0x08001c80       0x3c Libraries\STM32L1xx_StdPeriph_Driver\src\stm32l1xx_tim.o
                0x08001c80                TIM_SetIC2Prescaler
 .text.TIM_ITConfig
                0x08001cbc       0x48 Libraries\STM32L1xx_StdPeriph_Driver\src\stm32l1xx_tim.o
                0x08001cbc                TIM_ITConfig
 .text.TIM_ClearFlag
                0x08001d04       0x20 Libraries\STM32L1xx_StdPeriph_Driver\src\stm32l1xx_tim.o
                0x08001d04                TIM_ClearFlag
 .text.TIM_GetITStatus
                0x08001d24       0x54 Libraries\STM32L1xx_StdPeriph_Driver\src\stm32l1xx_tim.o
                0x08001d24                TIM_GetITStatus
 .text.TIM_ClearITPendingBit
                0x08001d78       0x20 Libraries\STM32L1xx_StdPeriph_Driver\src\stm32l1xx_tim.o
                0x08001d78                TIM_ClearITPendingBit
 .text.TIM_SelectInputTrigger
                0x08001d98       0x38 Libraries\STM32L1xx_StdPeriph_Driver\src\stm32l1xx_tim.o
                0x08001d98                TIM_SelectInputTrigger
 .text.TIM_SelectSlaveMode
                0x08001dd0       0x38 Libraries\STM32L1xx_StdPeriph_Driver\src\stm32l1xx_tim.o
                0x08001dd0                TIM_SelectSlaveMode
 .text.TIM_SelectMasterSlaveMode
                0x08001e08       0x38 Libraries\STM32L1xx_StdPeriph_Driver\src\stm32l1xx_tim.o
                0x08001e08                TIM_SelectMasterSlaveMode
 .text.TI1_Config
                0x08001e40       0x84 Libraries\STM32L1xx_StdPeriph_Driver\src\stm32l1xx_tim.o
 .text.TI2_Config
                0x08001ec4       0x98 Libraries\STM32L1xx_StdPeriph_Driver\src\stm32l1xx_tim.o
 .text.USART_Init
                0x08001f5c      0x168 Libraries\STM32L1xx_StdPeriph_Driver\src\stm32l1xx_usart.o
                0x08001f5c                USART_Init
 .text.USART_Cmd
                0x080020c4       0x40 Libraries\STM32L1xx_StdPeriph_Driver\src\stm32l1xx_usart.o
                0x080020c4                USART_Cmd
 .text.USART_SendData
                0x08002104       0x24 Libraries\STM32L1xx_StdPeriph_Driver\src\stm32l1xx_usart.o
                0x08002104                USART_SendData
 .text.USART_ITConfig
                0x08002128       0x90 Libraries\STM32L1xx_StdPeriph_Driver\src\stm32l1xx_usart.o
                0x08002128                USART_ITConfig
 .text.USART_GetFlagStatus
                0x080021b8       0x38 Libraries\STM32L1xx_StdPeriph_Driver\src\stm32l1xx_usart.o
                0x080021b8                USART_GetFlagStatus
 .text.NVIC_SetPriority
                0x080021f0       0x54 src\common\delay.o
 .text.SysTick_Config
                0x08002244       0x44 src\common\delay.o
 .text.init_delay
                0x08002288       0x2c src\common\delay.o
                0x08002288                init_delay
 .text.delay_decrement
                0x080022b4       0x24 src\common\delay.o
                0x080022b4                delay_decrement
 .text.delay_ms
                0x080022d8       0x28 src\common\delay.o
                0x080022d8                delay_ms
 .text.rx_init  0x08002300       0x4c src\communication\rx.o
                0x08002300                rx_init
 .text.NVIC_init
                0x0800234c       0x40 src\communication\rx.o
                0x0800234c                NVIC_init
 .text.Timer_init
                0x0800238c       0xa4 src\communication\rx.o
                0x0800238c                Timer_init
 .text.GPIO_init
                0x08002430       0x80 src\communication\rx.o
                0x08002430                GPIO_init
 .text.TIM9_IRQHandler
                0x080024b0      0x108 src\communication\rx.o
                0x080024b0                TIM9_IRQHandler
 .text.TIM3_IRQHandler
                0x080025b8      0x108 src\communication\rx.o
                0x080025b8                TIM3_IRQHandler
 .text.init_SPI1
                0x080026c0       0xc0 src\communication\spi.o
                0x080026c0                init_SPI1
 .text.write_reg
                0x08002780       0x88 src\communication\spi.o
                0x08002780                write_reg
 .text.read_reg
                0x08002808       0x84 src\communication\spi.o
                0x08002808                read_reg
 .text.read_regs
                0x0800288c       0x48 src\communication\spi.o
                0x0800288c                read_regs
 .text.chip_select
                0x080028d4       0x18 src\communication\spi.o
                0x080028d4                chip_select
 .text.chip_deselect
                0x080028ec       0x18 src\communication\spi.o
                0x080028ec                chip_deselect
 .text.usart_init
                0x08002904       0xb8 src\communication\usart.o
                0x08002904                usart_init
 .text.USART_send_function
                0x080029bc       0x60 src\communication\usart.o
                0x080029bc                USART_send_function
 .text.mpu9250_init
                0x08002a1c      0x124 src\device_libraries\MPU_9250.o
                0x08002a1c                mpu9250_init
 .text.set_acc_scale
                0x08002b40      0x150 src\device_libraries\MPU_9250.o
                0x08002b40                set_acc_scale
 .text.set_gyro_scale
                0x08002c90      0x15c src\device_libraries\MPU_9250.o
                0x08002c90                set_gyro_scale
 .text.calib_acc
                0x08002dec       0x78 src\device_libraries\MPU_9250.o
                0x08002dec                calib_acc
 .text.read_acc
                0x08002e64       0x90 src\device_libraries\MPU_9250.o
                0x08002e64                read_acc
 .text.read_rot
                0x08002ef4       0x84 src\device_libraries\MPU_9250.o
                0x08002ef4                read_rot
 .text.motor_init
                0x08002f78       0x48 src\device_libraries\motor_control.o
                0x08002f78                motor_init
 .text.set_throttle
                0x08002fc0       0x80 src\device_libraries\motor_control.o
                0x08002fc0                set_throttle
 .text.TIM2_PWM_init
                0x08003040       0x40 src\device_libraries\motor_control.o
                0x08003040                TIM2_PWM_init
 .text.PWM_init
                0x08003080       0x7c src\device_libraries\motor_control.o
                0x08003080                PWM_init
 .text.GPIO_PWM_init
                0x080030fc       0xb8 src\device_libraries\motor_control.o
                0x080030fc                GPIO_PWM_init
 .text.global_init
                0x080031b4       0xb8 src\functions.o
                0x080031b4                global_init
 .text.timers_init
                0x0800326c       0x1c src\functions.o
                0x0800326c                timers_init
 .text.TIM4_integrating_timer
                0x08003288       0x8c src\functions.o
                0x08003288                TIM4_integrating_timer
 .text.TIM5_sampling_timer
                0x08003314       0x8c src\functions.o
                0x08003314                TIM5_sampling_timer
 .text.TIM4_IRQHandler
                0x080033a0       0x2c src\functions.o
                0x080033a0                TIM4_IRQHandler
 .text.TIM5_IRQHandler
                0x080033cc       0xf0 src\functions.o
                0x080033cc                TIM5_IRQHandler
 *fill*         0x080034bc        0x4 
 .text.complementary_filter
                0x080034c0      0x2ac src\functions.o
                0x080034c0                complementary_filter
 .text.PID_yaw_control
                0x0800376c      0x12c src\functions.o
                0x0800376c                PID_yaw_control
 .text.main     0x08003898       0x18 src\main.o
                0x08003898                main
 .text.Reset_Handler
                0x080038b0       0x50 src\startup_stm32l1xx_hd.o
                0x080038b0                Reset_Handler
 .text.Default_Handler
                0x08003900        0x2 src\startup_stm32l1xx_hd.o
                0x08003900                RTC_Alarm_IRQHandler
                0x08003900                EXTI2_IRQHandler
                0x08003900                COMP_ACQ_IRQHandler
                0x08003900                TIM10_IRQHandler
                0x08003900                USB_HP_IRQHandler
                0x08003900                TIM6_IRQHandler
                0x08003900                PVD_IRQHandler
                0x08003900                SDIO_IRQHandler
                0x08003900                EXTI3_IRQHandler
                0x08003900                EXTI0_IRQHandler
                0x08003900                I2C2_EV_IRQHandler
                0x08003900                SPI1_IRQHandler
                0x08003900                USB_FS_WKUP_IRQHandler
                0x08003900                DMA2_Channel2_IRQHandler
                0x08003900                DMA1_Channel4_IRQHandler
                0x08003900                ADC1_IRQHandler
                0x08003900                USART3_IRQHandler
                0x08003900                DMA1_Channel7_IRQHandler
                0x08003900                LCD_IRQHandler
                0x08003900                UART5_IRQHandler
                0x08003900                DMA2_Channel1_IRQHandler
                0x08003900                I2C1_EV_IRQHandler
                0x08003900                DMA1_Channel6_IRQHandler
                0x08003900                UART4_IRQHandler
                0x08003900                DMA2_Channel4_IRQHandler
                0x08003900                RCC_IRQHandler
                0x08003900                DMA1_Channel1_IRQHandler
                0x08003900                Default_Handler
                0x08003900                EXTI15_10_IRQHandler
                0x08003900                TIM7_IRQHandler
                0x08003900                EXTI9_5_IRQHandler
                0x08003900                TAMPER_STAMP_IRQHandler
                0x08003900                RTC_WKUP_IRQHandler
                0x08003900                SPI2_IRQHandler
                0x08003900                DMA2_Channel5_IRQHandler
                0x08003900                DMA1_Channel5_IRQHandler
                0x08003900                USB_LP_IRQHandler
                0x08003900                EXTI4_IRQHandler
                0x08003900                DMA1_Channel3_IRQHandler
                0x08003900                COMP_IRQHandler
                0x08003900                WWDG_IRQHandler
                0x08003900                TIM2_IRQHandler
                0x08003900                DAC_IRQHandler
                0x08003900                EXTI1_IRQHandler
                0x08003900                AES_IRQHandler
                0x08003900                TIM11_IRQHandler
                0x08003900                USART2_IRQHandler
                0x08003900                I2C2_ER_IRQHandler
                0x08003900                DMA1_Channel2_IRQHandler
                0x08003900                FLASH_IRQHandler
                0x08003900                USART1_IRQHandler
                0x08003900                SPI3_IRQHandler
                0x08003900                I2C1_ER_IRQHandler
                0x08003900                DMA2_Channel3_IRQHandler
 *fill*         0x08003902        0x2 
 .text.NMI_Handler
                0x08003904        0xc src\stm32l1xx_it.o
                0x08003904                NMI_Handler
 .text.HardFault_Handler
                0x08003910        0x8 src\stm32l1xx_it.o
                0x08003910                HardFault_Handler
 .text.MemManage_Handler
                0x08003918        0x8 src\stm32l1xx_it.o
                0x08003918                MemManage_Handler
 .text.BusFault_Handler
                0x08003920        0x8 src\stm32l1xx_it.o
                0x08003920                BusFault_Handler
 .text.UsageFault_Handler
                0x08003928        0x8 src\stm32l1xx_it.o
                0x08003928                UsageFault_Handler
 .text.SVC_Handler
                0x08003930        0xc src\stm32l1xx_it.o
                0x08003930                SVC_Handler
 .text.DebugMon_Handler
                0x0800393c        0xc src\stm32l1xx_it.o
                0x0800393c                DebugMon_Handler
 .text.PendSV_Handler
                0x08003948        0xc src\stm32l1xx_it.o
                0x08003948                PendSV_Handler
 .text.SysTick_Handler
                0x08003954        0xc src\stm32l1xx_it.o
                0x08003954                SysTick_Handler
 .text.SystemInit
                0x08003960       0x68 src\system_stm32l1xx.o
                0x08003960                SystemInit
 .text.SystemCoreClockUpdate
                0x080039c8      0x158 src\system_stm32l1xx.o
                0x080039c8                SystemCoreClockUpdate
 .text.SetSysClock
                0x08003b20      0x120 src\system_stm32l1xx.o
 .text.__libc_init_array
                0x08003c40       0x4c c:/program files (x86)/atollic/truestudio for arm 6.0.0/armtools/bin/../lib/gcc/arm-atollic-eabi/5.3.1/../../../../arm-atollic-eabi/lib/armv7-m\libc_nano.a(lib_a-init.o)
                0x08003c40                __libc_init_array
 *fill*         0x08003c8c        0x4 
 .text.ceil     0x08003c90      0x108 c:/program files (x86)/atollic/truestudio for arm 6.0.0/armtools/bin/../lib/gcc/arm-atollic-eabi/5.3.1/../../../../arm-atollic-eabi/lib/armv7-m\libm.a(lib_a-s_ceil.o)
                0x08003c90                ceil
 .text.atan2f   0x08003d98        0x4 c:/program files (x86)/atollic/truestudio for arm 6.0.0/armtools/bin/../lib/gcc/arm-atollic-eabi/5.3.1/../../../../arm-atollic-eabi/lib/armv7-m\libm.a(lib_a-wf_atan2.o)
                0x08003d98                atan2f
 .text.__ieee754_atan2f
                0x08003d9c      0x11c c:/program files (x86)/atollic/truestudio for arm 6.0.0/armtools/bin/../lib/gcc/arm-atollic-eabi/5.3.1/../../../../arm-atollic-eabi/lib/armv7-m\libm.a(lib_a-ef_atan2.o)
                0x08003d9c                __ieee754_atan2f
 .text.atanf    0x08003eb8      0x22c c:/program files (x86)/atollic/truestudio for arm 6.0.0/armtools/bin/../lib/gcc/arm-atollic-eabi/5.3.1/../../../../arm-atollic-eabi/lib/armv7-m\libm.a(lib_a-sf_atan.o)
                0x08003eb8                atanf
 .text.fabsf    0x080040e4        0x6 c:/program files (x86)/atollic/truestudio for arm 6.0.0/armtools/bin/../lib/gcc/arm-atollic-eabi/5.3.1/../../../../arm-atollic-eabi/lib/armv7-m\libm.a(lib_a-sf_fabs.o)
                0x080040e4                fabsf
 *(.glue_7)
 .glue_7        0x080040ea        0x0 linker stubs
 *(.glue_7t)
 .glue_7t       0x080040ea        0x0 linker stubs
 *(.eh_frame)
 *fill*         0x080040ea        0x2 
 .eh_frame      0x080040ec        0x0 c:/program files (x86)/atollic/truestudio for arm 6.0.0/armtools/bin/../lib/gcc/arm-atollic-eabi/5.3.1/armv7-m/crtbegin.o
 *(.init)
 .init          0x080040ec        0x4 c:/program files (x86)/atollic/truestudio for arm 6.0.0/armtools/bin/../lib/gcc/arm-atollic-eabi/5.3.1/armv7-m/crti.o
                0x080040ec                _init
 .init          0x080040f0        0x8 c:/program files (x86)/atollic/truestudio for arm 6.0.0/armtools/bin/../lib/gcc/arm-atollic-eabi/5.3.1/armv7-m/crtn.o
 *(.fini)
 .fini          0x080040f8        0x4 c:/program files (x86)/atollic/truestudio for arm 6.0.0/armtools/bin/../lib/gcc/arm-atollic-eabi/5.3.1/armv7-m/crti.o
                0x080040f8                _fini
 .fini          0x080040fc        0x8 c:/program files (x86)/atollic/truestudio for arm 6.0.0/armtools/bin/../lib/gcc/arm-atollic-eabi/5.3.1/armv7-m/crtn.o
                0x08004104                . = ALIGN (0x4)
                0x08004104                _etext = .

.vfp11_veneer   0x08004104        0x0
 .vfp11_veneer  0x08004104        0x0 linker stubs

.v4_bx          0x08004104        0x0
 .v4_bx         0x08004104        0x0 linker stubs

.iplt           0x08004104        0x0
 .iplt          0x08004104        0x0 c:/program files (x86)/atollic/truestudio for arm 6.0.0/armtools/bin/../lib/gcc/arm-atollic-eabi/5.3.1/armv7-m/crtbegin.o

.rodata         0x08004104       0x70
                0x08004104                . = ALIGN (0x4)
 *(.rodata)
 .rodata        0x08004104       0x4f src\functions.o
 *(.rodata*)
 *fill*         0x08004153        0x1 
 .rodata.atanlo
                0x08004154       0x10 c:/program files (x86)/atollic/truestudio for arm 6.0.0/armtools/bin/../lib/gcc/arm-atollic-eabi/5.3.1/../../../../arm-atollic-eabi/lib/armv7-m\libm.a(lib_a-sf_atan.o)
 .rodata.atanhi
                0x08004164       0x10 c:/program files (x86)/atollic/truestudio for arm 6.0.0/armtools/bin/../lib/gcc/arm-atollic-eabi/5.3.1/../../../../arm-atollic-eabi/lib/armv7-m\libm.a(lib_a-sf_atan.o)
                0x08004174                . = ALIGN (0x4)

.rel.dyn        0x08004174        0x0
 .rel.iplt      0x08004174        0x0 c:/program files (x86)/atollic/truestudio for arm 6.0.0/armtools/bin/../lib/gcc/arm-atollic-eabi/5.3.1/armv7-m/crtbegin.o

.ARM.extab
 *(.ARM.extab* .gnu.linkonce.armextab.*)

.ARM            0x08004174        0x0
                0x08004174                __exidx_start = .
 *(.ARM.exidx*)
                0x08004174                __exidx_end = .

.preinit_array  0x08004174        0x0
                0x08004174                PROVIDE (__preinit_array_start, .)
 *(.preinit_array*)
                0x08004174                PROVIDE (__preinit_array_end, .)

.init_array     0x08004174        0x4
                0x08004174                PROVIDE (__init_array_start, .)
 *(SORT(.init_array.*))
 *(.init_array*)
 .init_array    0x08004174        0x4 c:/program files (x86)/atollic/truestudio for arm 6.0.0/armtools/bin/../lib/gcc/arm-atollic-eabi/5.3.1/armv7-m/crtbegin.o
                0x08004178                PROVIDE (__init_array_end, .)

.fini_array     0x08004178        0x4
                [!provide]                PROVIDE (__fini_array_start, .)
 *(SORT(.fini_array.*))
 *(.fini_array*)
 .fini_array    0x08004178        0x4 c:/program files (x86)/atollic/truestudio for arm 6.0.0/armtools/bin/../lib/gcc/arm-atollic-eabi/5.3.1/armv7-m/crtbegin.o
                [!provide]                PROVIDE (__fini_array_end, .)
                0x0800417c                _sidata = LOADADDR (.data)

.data           0x20000000       0x3c load address 0x0800417c
                0x20000000                . = ALIGN (0x4)
                0x20000000                _sdata = .
 *(.data)
 *(.data*)
 .data.PLLMulTable
                0x20000000        0x9 Libraries\STM32L1xx_StdPeriph_Driver\src\stm32l1xx_rcc.o
 *fill*         0x20000009        0x3 
 .data.APBAHBPrescTable
                0x2000000c       0x10 Libraries\STM32L1xx_StdPeriph_Driver\src\stm32l1xx_rcc.o
 .data.SystemCoreClock
                0x2000001c        0x4 src\system_stm32l1xx.o
                0x2000001c                SystemCoreClock
 .data.PLLMulTable
                0x20000020        0x9 src\system_stm32l1xx.o
                0x20000020                PLLMulTable
 *fill*         0x20000029        0x3 
 .data.AHBPrescTable
                0x2000002c       0x10 src\system_stm32l1xx.o
                0x2000002c                AHBPrescTable
                0x2000003c                . = ALIGN (0x4)
                0x2000003c                _edata = .

.igot.plt       0x2000003c        0x0 load address 0x080041b8
 .igot.plt      0x2000003c        0x0 c:/program files (x86)/atollic/truestudio for arm 6.0.0/armtools/bin/../lib/gcc/arm-atollic-eabi/5.3.1/armv7-m/crtbegin.o
                0x2000003c                . = ALIGN (0x4)

.bss            0x2000003c       0xbc load address 0x080041b8
                0x2000003c                _sbss = .
                0x2000003c                __bss_start__ = _sbss
 *(.bss)
 .bss           0x2000003c       0x1c c:/program files (x86)/atollic/truestudio for arm 6.0.0/armtools/bin/../lib/gcc/arm-atollic-eabi/5.3.1/armv7-m/crtbegin.o
 *(.bss*)
 .bss.time_us   0x20000058        0x4 src\common\delay.o
 *(COMMON)
 COMMON         0x2000005c       0x14 src\communication\rx.o
                0x2000005c                DutyCycle
                0x20000060                pulse_length_throttle
                0x20000064                Frequency
                0x20000068                pulse_length_yaw
                0x2000006c                IC2Value
 COMMON         0x20000070       0x54 src\device_libraries\MPU_9250.o
                0x20000070                accelerometer_data
                0x2000007c                Temperature
                0x20000080                Magnetometer
                0x2000008c                calib_data
                0x20000098                gyroscope_data
                0x200000a4                gyro_divider
                0x200000a8                Magnetometer_ASA
                0x200000b4                acc_divider
                0x200000b8                gyroscope_angle
 COMMON         0x200000c4       0x34 src\functions.o
                0x200000c4                desired_pitch
                0x200000c8                desired_yaw
                0x200000cc                desired_roll
                0x200000d0                accelerometer_data_avg
                0x200000dc                gyroscope_data_avg
                0x200000e8                yaw
                0x200000ec                pitch
                0x200000f0                roll
                0x200000f4                nominal_throttle
                0x200000f8                . = ALIGN (0x4)
                0x200000f8                _ebss = .
                0x200000f8                __bss_end__ = _ebss

._user_heap_stack
                0x200000f8      0x400 load address 0x080041b8
                0x200000f8                . = ALIGN (0x4)
                [!provide]                PROVIDE (end, .)
                [!provide]                PROVIDE (_end, .)
                0x200000f8                . = (. + _Min_Heap_Size)
                0x200004f8                . = (. + _Min_Stack_Size)
 *fill*         0x200000f8      0x400 
                0x200004f8                . = ALIGN (0x4)

.memory_b1_text
 *(.mb1text)
 *(.mb1text*)
 *(.mb1rodata)
 *(.mb1rodata*)

/DISCARD/
 libc.a(*)
 libm.a(*)
 libgcc.a(*)

.ARM.attributes
                0x00000000       0x29
 *(.ARM.attributes)
 .ARM.attributes
                0x00000000       0x1d c:/program files (x86)/atollic/truestudio for arm 6.0.0/armtools/bin/../lib/gcc/arm-atollic-eabi/5.3.1/armv7-m/crti.o
 .ARM.attributes
                0x0000001d       0x2d c:/program files (x86)/atollic/truestudio for arm 6.0.0/armtools/bin/../lib/gcc/arm-atollic-eabi/5.3.1/armv7-m/crtbegin.o
 .ARM.attributes
                0x0000004a       0x33 Libraries\STM32L1xx_StdPeriph_Driver\src\misc.o
 .ARM.attributes
                0x0000007d       0x33 Libraries\STM32L1xx_StdPeriph_Driver\src\stm32l1xx_gpio.o
 .ARM.attributes
                0x000000b0       0x33 Libraries\STM32L1xx_StdPeriph_Driver\src\stm32l1xx_rcc.o
 .ARM.attributes
                0x000000e3       0x33 Libraries\STM32L1xx_StdPeriph_Driver\src\stm32l1xx_spi.o
 .ARM.attributes
                0x00000116       0x33 Libraries\STM32L1xx_StdPeriph_Driver\src\stm32l1xx_tim.o
 .ARM.attributes
                0x00000149       0x33 Libraries\STM32L1xx_StdPeriph_Driver\src\stm32l1xx_usart.o
 .ARM.attributes
                0x0000017c       0x33 src\common\delay.o
 .ARM.attributes
                0x000001af       0x33 src\communication\rx.o
 .ARM.attributes
                0x000001e2       0x33 src\communication\spi.o
 .ARM.attributes
                0x00000215       0x33 src\communication\usart.o
 .ARM.attributes
                0x00000248       0x33 src\device_libraries\MPU_9250.o
 .ARM.attributes
                0x0000027b       0x33 src\device_libraries\motor_control.o
 .ARM.attributes
                0x000002ae       0x33 src\functions.o
 .ARM.attributes
                0x000002e1       0x33 src\main.o
 .ARM.attributes
                0x00000314       0x21 src\startup_stm32l1xx_hd.o
 .ARM.attributes
                0x00000335       0x33 src\stm32l1xx_it.o
 .ARM.attributes
                0x00000368       0x33 src\system_stm32l1xx.o
 .ARM.attributes
                0x0000039b       0x2d c:/program files (x86)/atollic/truestudio for arm 6.0.0/armtools/bin/../lib/gcc/arm-atollic-eabi/5.3.1/../../../../arm-atollic-eabi/lib/armv7-m\libc_nano.a(lib_a-init.o)
 .ARM.attributes
                0x000003c8       0x2d c:/program files (x86)/atollic/truestudio for arm 6.0.0/armtools/bin/../lib/gcc/arm-atollic-eabi/5.3.1/../../../../arm-atollic-eabi/lib/armv7-m\libm.a(lib_a-s_ceil.o)
 .ARM.attributes
                0x000003f5       0x2d c:/program files (x86)/atollic/truestudio for arm 6.0.0/armtools/bin/../lib/gcc/arm-atollic-eabi/5.3.1/../../../../arm-atollic-eabi/lib/armv7-m\libm.a(lib_a-wf_atan2.o)
 .ARM.attributes
                0x00000422       0x2d c:/program files (x86)/atollic/truestudio for arm 6.0.0/armtools/bin/../lib/gcc/arm-atollic-eabi/5.3.1/../../../../arm-atollic-eabi/lib/armv7-m\libm.a(lib_a-ef_atan2.o)
 .ARM.attributes
                0x0000044f       0x2d c:/program files (x86)/atollic/truestudio for arm 6.0.0/armtools/bin/../lib/gcc/arm-atollic-eabi/5.3.1/../../../../arm-atollic-eabi/lib/armv7-m\libm.a(lib_a-sf_atan.o)
 .ARM.attributes
                0x0000047c       0x2d c:/program files (x86)/atollic/truestudio for arm 6.0.0/armtools/bin/../lib/gcc/arm-atollic-eabi/5.3.1/../../../../arm-atollic-eabi/lib/armv7-m\libm.a(lib_a-sf_fabs.o)
 .ARM.attributes
                0x000004a9       0x1d c:/program files (x86)/atollic/truestudio for arm 6.0.0/armtools/bin/../lib/gcc/arm-atollic-eabi/5.3.1/armv7-m\libgcc.a(_arm_addsubdf3.o)
 .ARM.attributes
                0x000004c6       0x1d c:/program files (x86)/atollic/truestudio for arm 6.0.0/armtools/bin/../lib/gcc/arm-atollic-eabi/5.3.1/armv7-m\libgcc.a(_arm_muldivdf3.o)
 .ARM.attributes
                0x000004e3       0x1d c:/program files (x86)/atollic/truestudio for arm 6.0.0/armtools/bin/../lib/gcc/arm-atollic-eabi/5.3.1/armv7-m\libgcc.a(_arm_cmpdf2.o)
 .ARM.attributes
                0x00000500       0x1d c:/program files (x86)/atollic/truestudio for arm 6.0.0/armtools/bin/../lib/gcc/arm-atollic-eabi/5.3.1/armv7-m\libgcc.a(_arm_fixdfsi.o)
 .ARM.attributes
                0x0000051d       0x1d c:/program files (x86)/atollic/truestudio for arm 6.0.0/armtools/bin/../lib/gcc/arm-atollic-eabi/5.3.1/armv7-m\libgcc.a(_arm_truncdfsf2.o)
 .ARM.attributes
                0x0000053a       0x1d c:/program files (x86)/atollic/truestudio for arm 6.0.0/armtools/bin/../lib/gcc/arm-atollic-eabi/5.3.1/armv7-m\libgcc.a(_arm_addsubsf3.o)
 .ARM.attributes
                0x00000557       0x1d c:/program files (x86)/atollic/truestudio for arm 6.0.0/armtools/bin/../lib/gcc/arm-atollic-eabi/5.3.1/armv7-m\libgcc.a(_arm_muldivsf3.o)
 .ARM.attributes
                0x00000574       0x1d c:/program files (x86)/atollic/truestudio for arm 6.0.0/armtools/bin/../lib/gcc/arm-atollic-eabi/5.3.1/armv7-m\libgcc.a(_arm_cmpsf2.o)
 .ARM.attributes
                0x00000591       0x1d c:/program files (x86)/atollic/truestudio for arm 6.0.0/armtools/bin/../lib/gcc/arm-atollic-eabi/5.3.1/armv7-m\libgcc.a(_arm_fixsfsi.o)
 .ARM.attributes
                0x000005ae       0x1d c:/program files (x86)/atollic/truestudio for arm 6.0.0/armtools/bin/../lib/gcc/arm-atollic-eabi/5.3.1/armv7-m/crtn.o
OUTPUT(quadrocopter_driver.elf elf32-littlearm)

.debug_info     0x00000000     0x7ca7
 .debug_info    0x00000000      0x55a Libraries\STM32L1xx_StdPeriph_Driver\src\misc.o
 .debug_info    0x0000055a      0x65f Libraries\STM32L1xx_StdPeriph_Driver\src\stm32l1xx_gpio.o
 .debug_info    0x00000bb9      0xa29 Libraries\STM32L1xx_StdPeriph_Driver\src\stm32l1xx_rcc.o
 .debug_info    0x000015e2      0x8f3 Libraries\STM32L1xx_StdPeriph_Driver\src\stm32l1xx_spi.o
 .debug_info    0x00001ed5     0x196f Libraries\STM32L1xx_StdPeriph_Driver\src\stm32l1xx_tim.o
 .debug_info    0x00003844      0x9ce Libraries\STM32L1xx_StdPeriph_Driver\src\stm32l1xx_usart.o
 .debug_info    0x00004212      0x652 src\common\delay.o
 .debug_info    0x00004864      0x846 src\communication\rx.o
 .debug_info    0x000050aa      0x586 src\communication\spi.o
 .debug_info    0x00005630      0x719 src\communication\usart.o
 .debug_info    0x00005d49      0x366 src\device_libraries\MPU_9250.o
 .debug_info    0x000060af      0x6a3 src\device_libraries\motor_control.o
 .debug_info    0x00006752      0xac8 src\functions.o
 .debug_info    0x0000721a      0x363 src\main.o
 .debug_info    0x0000757d       0x8f src\startup_stm32l1xx_hd.o
 .debug_info    0x0000760c      0x133 src\stm32l1xx_it.o
 .debug_info    0x0000773f      0x568 src\system_stm32l1xx.o

.debug_abbrev   0x00000000     0x1640
 .debug_abbrev  0x00000000      0x149 Libraries\STM32L1xx_StdPeriph_Driver\src\misc.o
 .debug_abbrev  0x00000149      0x1a9 Libraries\STM32L1xx_StdPeriph_Driver\src\stm32l1xx_gpio.o
 .debug_abbrev  0x000002f2      0x1e7 Libraries\STM32L1xx_StdPeriph_Driver\src\stm32l1xx_rcc.o
 .debug_abbrev  0x000004d9      0x182 Libraries\STM32L1xx_StdPeriph_Driver\src\stm32l1xx_spi.o
 .debug_abbrev  0x0000065b      0x1b4 Libraries\STM32L1xx_StdPeriph_Driver\src\stm32l1xx_tim.o
 .debug_abbrev  0x0000080f      0x159 Libraries\STM32L1xx_StdPeriph_Driver\src\stm32l1xx_usart.o
 .debug_abbrev  0x00000968      0x1af src\common\delay.o
 .debug_abbrev  0x00000b17      0x178 src\communication\rx.o
 .debug_abbrev  0x00000c8f      0x160 src\communication\spi.o
 .debug_abbrev  0x00000def      0x178 src\communication\usart.o
 .debug_abbrev  0x00000f67       0xd3 src\device_libraries\MPU_9250.o
 .debug_abbrev  0x0000103a      0x17a src\device_libraries\motor_control.o
 .debug_abbrev  0x000011b4      0x1c2 src\functions.o
 .debug_abbrev  0x00001376       0xf0 src\main.o
 .debug_abbrev  0x00001466       0x12 src\startup_stm32l1xx_hd.o
 .debug_abbrev  0x00001478       0x7f src\stm32l1xx_it.o
 .debug_abbrev  0x000014f7      0x149 src\system_stm32l1xx.o

.debug_aranges  0x00000000      0x980
 .debug_aranges
                0x00000000       0x40 Libraries\STM32L1xx_StdPeriph_Driver\src\misc.o
 .debug_aranges
                0x00000040       0x88 Libraries\STM32L1xx_StdPeriph_Driver\src\stm32l1xx_gpio.o
 .debug_aranges
                0x000000c8      0x148 Libraries\STM32L1xx_StdPeriph_Driver\src\stm32l1xx_rcc.o
 .debug_aranges
                0x00000210       0xd0 Libraries\STM32L1xx_StdPeriph_Driver\src\stm32l1xx_spi.o
 .debug_aranges
                0x000002e0      0x2b8 Libraries\STM32L1xx_StdPeriph_Driver\src\stm32l1xx_tim.o
 .debug_aranges
                0x00000598      0x100 Libraries\STM32L1xx_StdPeriph_Driver\src\stm32l1xx_usart.o
 .debug_aranges
                0x00000698       0x40 src\common\delay.o
 .debug_aranges
                0x000006d8       0x48 src\communication\rx.o
 .debug_aranges
                0x00000720       0x48 src\communication\spi.o
 .debug_aranges
                0x00000768       0x30 src\communication\usart.o
 .debug_aranges
                0x00000798       0x48 src\device_libraries\MPU_9250.o
 .debug_aranges
                0x000007e0       0x48 src\device_libraries\motor_control.o
 .debug_aranges
                0x00000828       0x70 src\functions.o
 .debug_aranges
                0x00000898       0x30 src\main.o
 .debug_aranges
                0x000008c8       0x28 src\startup_stm32l1xx_hd.o
 .debug_aranges
                0x000008f0       0x60 src\stm32l1xx_it.o
 .debug_aranges
                0x00000950       0x30 src\system_stm32l1xx.o

.debug_ranges   0x00000000      0x878
 .debug_ranges  0x00000000       0x30 Libraries\STM32L1xx_StdPeriph_Driver\src\misc.o
 .debug_ranges  0x00000030       0x78 Libraries\STM32L1xx_StdPeriph_Driver\src\stm32l1xx_gpio.o
 .debug_ranges  0x000000a8      0x138 Libraries\STM32L1xx_StdPeriph_Driver\src\stm32l1xx_rcc.o
 .debug_ranges  0x000001e0       0xc0 Libraries\STM32L1xx_StdPeriph_Driver\src\stm32l1xx_spi.o
 .debug_ranges  0x000002a0      0x2a8 Libraries\STM32L1xx_StdPeriph_Driver\src\stm32l1xx_tim.o
 .debug_ranges  0x00000548       0xf0 Libraries\STM32L1xx_StdPeriph_Driver\src\stm32l1xx_usart.o
 .debug_ranges  0x00000638       0x30 src\common\delay.o
 .debug_ranges  0x00000668       0x38 src\communication\rx.o
 .debug_ranges  0x000006a0       0x38 src\communication\spi.o
 .debug_ranges  0x000006d8       0x20 src\communication\usart.o
 .debug_ranges  0x000006f8       0x38 src\device_libraries\MPU_9250.o
 .debug_ranges  0x00000730       0x38 src\device_libraries\motor_control.o
 .debug_ranges  0x00000768       0x60 src\functions.o
 .debug_ranges  0x000007c8       0x20 src\main.o
 .debug_ranges  0x000007e8       0x20 src\startup_stm32l1xx_hd.o
 .debug_ranges  0x00000808       0x50 src\stm32l1xx_it.o
 .debug_ranges  0x00000858       0x20 src\system_stm32l1xx.o

.debug_line     0x00000000     0x368a
 .debug_line    0x00000000      0x242 Libraries\STM32L1xx_StdPeriph_Driver\src\misc.o
 .debug_line    0x00000242      0x35d Libraries\STM32L1xx_StdPeriph_Driver\src\stm32l1xx_gpio.o
 .debug_line    0x0000059f      0x521 Libraries\STM32L1xx_StdPeriph_Driver\src\stm32l1xx_rcc.o
 .debug_line    0x00000ac0      0x427 Libraries\STM32L1xx_StdPeriph_Driver\src\stm32l1xx_spi.o
 .debug_line    0x00000ee7      0x989 Libraries\STM32L1xx_StdPeriph_Driver\src\stm32l1xx_tim.o
 .debug_line    0x00001870      0x4af Libraries\STM32L1xx_StdPeriph_Driver\src\stm32l1xx_usart.o
 .debug_line    0x00001d1f      0x20b src\common\delay.o
 .debug_line    0x00001f2a      0x2b0 src\communication\rx.o
 .debug_line    0x000021da      0x2b5 src\communication\spi.o
 .debug_line    0x0000248f      0x26a src\communication\usart.o
 .debug_line    0x000026f9      0x258 src\device_libraries\MPU_9250.o
 .debug_line    0x00002951      0x2cc src\device_libraries\motor_control.o
 .debug_line    0x00002c1d      0x407 src\functions.o
 .debug_line    0x00003024      0x1e8 src\main.o
 .debug_line    0x0000320c       0x7c src\startup_stm32l1xx_hd.o
 .debug_line    0x00003288      0x1e8 src\stm32l1xx_it.o
 .debug_line    0x00003470      0x21a src\system_stm32l1xx.o

.debug_str      0x00000000     0x2936
 .debug_str     0x00000000      0x3dc Libraries\STM32L1xx_StdPeriph_Driver\src\misc.o
                                0x429 (size before relaxing)
 .debug_str     0x000003dc      0x33a Libraries\STM32L1xx_StdPeriph_Driver\src\stm32l1xx_gpio.o
                                0x526 (size before relaxing)
 .debug_str     0x00000716      0x520 Libraries\STM32L1xx_StdPeriph_Driver\src\stm32l1xx_rcc.o
                                0x76a (size before relaxing)
 .debug_str     0x00000c36      0x396 Libraries\STM32L1xx_StdPeriph_Driver\src\stm32l1xx_spi.o
                                0x657 (size before relaxing)
 .debug_str     0x00000fcc      0x9ef Libraries\STM32L1xx_StdPeriph_Driver\src\stm32l1xx_tim.o
                                0xca0 (size before relaxing)
 .debug_str     0x000019bb      0x423 Libraries\STM32L1xx_StdPeriph_Driver\src\stm32l1xx_usart.o
                                0x6ea (size before relaxing)
 .debug_str     0x00001dde      0x3e3 src\common\delay.o
                                0x67b (size before relaxing)
 .debug_str     0x000021c1       0xde src\communication\rx.o
                                0x99d (size before relaxing)
 .debug_str     0x0000229f       0x87 src\communication\spi.o
                                0x525 (size before relaxing)
 .debug_str     0x00002326       0x8e src\communication\usart.o
                                0x8d6 (size before relaxing)
 .debug_str     0x000023b4      0x134 src\device_libraries\MPU_9250.o
                                0x31e (size before relaxing)
 .debug_str     0x000024e8       0xbd src\device_libraries\motor_control.o
                                0x5c6 (size before relaxing)
 .debug_str     0x000025a5      0x20e src\functions.o
                                0xa78 (size before relaxing)
 .debug_str     0x000027b3       0x3f src\main.o
                                0x361 (size before relaxing)
 .debug_str     0x000027f2       0xa6 src\stm32l1xx_it.o
                                0x236 (size before relaxing)
 .debug_str     0x00002898       0x9e src\system_stm32l1xx.o
                                0x395 (size before relaxing)

.comment        0x00000000       0x7e
 .comment       0x00000000       0x7e Libraries\STM32L1xx_StdPeriph_Driver\src\misc.o
                                 0x7f (size before relaxing)
 .comment       0x0000007e       0x7f Libraries\STM32L1xx_StdPeriph_Driver\src\stm32l1xx_gpio.o
 .comment       0x0000007e       0x7f Libraries\STM32L1xx_StdPeriph_Driver\src\stm32l1xx_rcc.o
 .comment       0x0000007e       0x7f Libraries\STM32L1xx_StdPeriph_Driver\src\stm32l1xx_spi.o
 .comment       0x0000007e       0x7f Libraries\STM32L1xx_StdPeriph_Driver\src\stm32l1xx_tim.o
 .comment       0x0000007e       0x7f Libraries\STM32L1xx_StdPeriph_Driver\src\stm32l1xx_usart.o
 .comment       0x0000007e       0x7f src\common\delay.o
 .comment       0x0000007e       0x7f src\communication\rx.o
 .comment       0x0000007e       0x7f src\communication\spi.o
 .comment       0x0000007e       0x7f src\communication\usart.o
 .comment       0x0000007e       0x7f src\device_libraries\MPU_9250.o
 .comment       0x0000007e       0x7f src\device_libraries\motor_control.o
 .comment       0x0000007e       0x7f src\functions.o
 .comment       0x0000007e       0x7f src\main.o
 .comment       0x0000007e       0x7f src\stm32l1xx_it.o
 .comment       0x0000007e       0x7f src\system_stm32l1xx.o

.debug_frame    0x00000000     0x279c
 .debug_frame   0x00000000       0xd8 Libraries\STM32L1xx_StdPeriph_Driver\src\misc.o
 .debug_frame   0x000000d8      0x23c Libraries\STM32L1xx_StdPeriph_Driver\src\stm32l1xx_gpio.o
 .debug_frame   0x00000314      0x5e4 Libraries\STM32L1xx_StdPeriph_Driver\src\stm32l1xx_rcc.o
 .debug_frame   0x000008f8      0x3a0 Libraries\STM32L1xx_StdPeriph_Driver\src\stm32l1xx_spi.o
 .debug_frame   0x00000c98      0xd14 Libraries\STM32L1xx_StdPeriph_Driver\src\stm32l1xx_tim.o
 .debug_frame   0x000019ac      0x490 Libraries\STM32L1xx_StdPeriph_Driver\src\stm32l1xx_usart.o
 .debug_frame   0x00001e3c       0xc0 src\common\delay.o
 .debug_frame   0x00001efc       0xd8 src\communication\rx.o
 .debug_frame   0x00001fd4       0xdc src\communication\spi.o
 .debug_frame   0x000020b0       0x7c src\communication\usart.o
 .debug_frame   0x0000212c       0xe8 src\device_libraries\MPU_9250.o
 .debug_frame   0x00002214       0xec src\device_libraries\motor_control.o
 .debug_frame   0x00002300      0x19c src\functions.o
 .debug_frame   0x0000249c       0x6c src\main.o
 .debug_frame   0x00002508      0x10c src\stm32l1xx_it.o
 .debug_frame   0x00002614       0x7c src\system_stm32l1xx.o
 .debug_frame   0x00002690       0x2c c:/program files (x86)/atollic/truestudio for arm 6.0.0/armtools/bin/../lib/gcc/arm-atollic-eabi/5.3.1/../../../../arm-atollic-eabi/lib/armv7-m\libc_nano.a(lib_a-init.o)
 .debug_frame   0x000026bc       0x34 c:/program files (x86)/atollic/truestudio for arm 6.0.0/armtools/bin/../lib/gcc/arm-atollic-eabi/5.3.1/../../../../arm-atollic-eabi/lib/armv7-m\libm.a(lib_a-s_ceil.o)
 .debug_frame   0x000026f0       0x20 c:/program files (x86)/atollic/truestudio for arm 6.0.0/armtools/bin/../lib/gcc/arm-atollic-eabi/5.3.1/../../../../arm-atollic-eabi/lib/armv7-m\libm.a(lib_a-wf_atan2.o)
 .debug_frame   0x00002710       0x3c c:/program files (x86)/atollic/truestudio for arm 6.0.0/armtools/bin/../lib/gcc/arm-atollic-eabi/5.3.1/../../../../arm-atollic-eabi/lib/armv7-m\libm.a(lib_a-ef_atan2.o)
 .debug_frame   0x0000274c       0x30 c:/program files (x86)/atollic/truestudio for arm 6.0.0/armtools/bin/../lib/gcc/arm-atollic-eabi/5.3.1/../../../../arm-atollic-eabi/lib/armv7-m\libm.a(lib_a-sf_atan.o)
 .debug_frame   0x0000277c       0x20 c:/program files (x86)/atollic/truestudio for arm 6.0.0/armtools/bin/../lib/gcc/arm-atollic-eabi/5.3.1/../../../../arm-atollic-eabi/lib/armv7-m\libm.a(lib_a-sf_fabs.o)

.stabstr        0x00000000       0x3f
 .stabstr       0x00000000       0x3f c:/program files (x86)/atollic/truestudio for arm 6.0.0/armtools/bin/../lib/gcc/arm-atollic-eabi/5.3.1/../../../../arm-atollic-eabi/lib/armv7-m\libnosys.a(write.o)

Cross Reference Table

Symbol                                            File
ADC1_IRQHandler                                   src\startup_stm32l1xx_hd.o
ADC_AnalogWatchdogCmd                             Libraries\STM32L1xx_StdPeriph_Driver\src\stm32l1xx_adc.o
ADC_AnalogWatchdogSingleChannelConfig             Libraries\STM32L1xx_StdPeriph_Driver\src\stm32l1xx_adc.o
ADC_AnalogWatchdogThresholdsConfig                Libraries\STM32L1xx_StdPeriph_Driver\src\stm32l1xx_adc.o
ADC_AutoInjectedConvCmd                           Libraries\STM32L1xx_StdPeriph_Driver\src\stm32l1xx_adc.o
ADC_BankSelection                                 Libraries\STM32L1xx_StdPeriph_Driver\src\stm32l1xx_adc.o
ADC_ClearFlag                                     Libraries\STM32L1xx_StdPeriph_Driver\src\stm32l1xx_adc.o
ADC_ClearITPendingBit                             Libraries\STM32L1xx_StdPeriph_Driver\src\stm32l1xx_adc.o
ADC_Cmd                                           Libraries\STM32L1xx_StdPeriph_Driver\src\stm32l1xx_adc.o
ADC_CommonInit                                    Libraries\STM32L1xx_StdPeriph_Driver\src\stm32l1xx_adc.o
ADC_CommonStructInit                              Libraries\STM32L1xx_StdPeriph_Driver\src\stm32l1xx_adc.o
ADC_ContinuousModeCmd                             Libraries\STM32L1xx_StdPeriph_Driver\src\stm32l1xx_adc.o
ADC_DMACmd                                        Libraries\STM32L1xx_StdPeriph_Driver\src\stm32l1xx_adc.o
ADC_DMARequestAfterLastTransferCmd                Libraries\STM32L1xx_StdPeriph_Driver\src\stm32l1xx_adc.o
ADC_DeInit                                        Libraries\STM32L1xx_StdPeriph_Driver\src\stm32l1xx_adc.o
ADC_DelaySelectionConfig                          Libraries\STM32L1xx_StdPeriph_Driver\src\stm32l1xx_adc.o
ADC_DiscModeChannelCountConfig                    Libraries\STM32L1xx_StdPeriph_Driver\src\stm32l1xx_adc.o
ADC_DiscModeCmd                                   Libraries\STM32L1xx_StdPeriph_Driver\src\stm32l1xx_adc.o
ADC_EOCOnEachRegularChannelCmd                    Libraries\STM32L1xx_StdPeriph_Driver\src\stm32l1xx_adc.o
ADC_ExternalTrigInjectedConvConfig                Libraries\STM32L1xx_StdPeriph_Driver\src\stm32l1xx_adc.o
ADC_ExternalTrigInjectedConvEdgeConfig            Libraries\STM32L1xx_StdPeriph_Driver\src\stm32l1xx_adc.o
ADC_GetConversionValue                            Libraries\STM32L1xx_StdPeriph_Driver\src\stm32l1xx_adc.o
ADC_GetFlagStatus                                 Libraries\STM32L1xx_StdPeriph_Driver\src\stm32l1xx_adc.o
ADC_GetITStatus                                   Libraries\STM32L1xx_StdPeriph_Driver\src\stm32l1xx_adc.o
ADC_GetInjectedConversionValue                    Libraries\STM32L1xx_StdPeriph_Driver\src\stm32l1xx_adc.o
ADC_GetSoftwareStartConvStatus                    Libraries\STM32L1xx_StdPeriph_Driver\src\stm32l1xx_adc.o
ADC_GetSoftwareStartInjectedConvCmdStatus         Libraries\STM32L1xx_StdPeriph_Driver\src\stm32l1xx_adc.o
ADC_ITConfig                                      Libraries\STM32L1xx_StdPeriph_Driver\src\stm32l1xx_adc.o
ADC_Init                                          Libraries\STM32L1xx_StdPeriph_Driver\src\stm32l1xx_adc.o
ADC_InjectedChannelConfig                         Libraries\STM32L1xx_StdPeriph_Driver\src\stm32l1xx_adc.o
ADC_InjectedDiscModeCmd                           Libraries\STM32L1xx_StdPeriph_Driver\src\stm32l1xx_adc.o
ADC_InjectedSequencerLengthConfig                 Libraries\STM32L1xx_StdPeriph_Driver\src\stm32l1xx_adc.o
ADC_PowerDownCmd                                  Libraries\STM32L1xx_StdPeriph_Driver\src\stm32l1xx_adc.o
ADC_RegularChannelConfig                          Libraries\STM32L1xx_StdPeriph_Driver\src\stm32l1xx_adc.o
ADC_SetInjectedOffset                             Libraries\STM32L1xx_StdPeriph_Driver\src\stm32l1xx_adc.o
ADC_SoftwareStartConv                             Libraries\STM32L1xx_StdPeriph_Driver\src\stm32l1xx_adc.o
ADC_SoftwareStartInjectedConv                     Libraries\STM32L1xx_StdPeriph_Driver\src\stm32l1xx_adc.o
ADC_StructInit                                    Libraries\STM32L1xx_StdPeriph_Driver\src\stm32l1xx_adc.o
ADC_TempSensorVrefintCmd                          Libraries\STM32L1xx_StdPeriph_Driver\src\stm32l1xx_adc.o
AES_CBC_Decrypt                                   Libraries\STM32L1xx_StdPeriph_Driver\src\stm32l1xx_aes_util.o
AES_CBC_Encrypt                                   Libraries\STM32L1xx_StdPeriph_Driver\src\stm32l1xx_aes_util.o
AES_CTR_Decrypt                                   Libraries\STM32L1xx_StdPeriph_Driver\src\stm32l1xx_aes_util.o
AES_CTR_Encrypt                                   Libraries\STM32L1xx_StdPeriph_Driver\src\stm32l1xx_aes_util.o
AES_ClearFlag                                     Libraries\STM32L1xx_StdPeriph_Driver\src\stm32l1xx_aes.o
                                                  Libraries\STM32L1xx_StdPeriph_Driver\src\stm32l1xx_aes_util.o
AES_ClearITPendingBit                             Libraries\STM32L1xx_StdPeriph_Driver\src\stm32l1xx_aes.o
AES_Cmd                                           Libraries\STM32L1xx_StdPeriph_Driver\src\stm32l1xx_aes.o
                                                  Libraries\STM32L1xx_StdPeriph_Driver\src\stm32l1xx_aes_util.o
AES_DMAConfig                                     Libraries\STM32L1xx_StdPeriph_Driver\src\stm32l1xx_aes.o
AES_DeInit                                        Libraries\STM32L1xx_StdPeriph_Driver\src\stm32l1xx_aes.o
AES_ECB_Decrypt                                   Libraries\STM32L1xx_StdPeriph_Driver\src\stm32l1xx_aes_util.o
AES_ECB_Encrypt                                   Libraries\STM32L1xx_StdPeriph_Driver\src\stm32l1xx_aes_util.o
AES_GetFlagStatus                                 Libraries\STM32L1xx_StdPeriph_Driver\src\stm32l1xx_aes.o
                                                  Libraries\STM32L1xx_StdPeriph_Driver\src\stm32l1xx_aes_util.o
AES_GetITStatus                                   Libraries\STM32L1xx_StdPeriph_Driver\src\stm32l1xx_aes.o
AES_IRQHandler                                    src\startup_stm32l1xx_hd.o
AES_ITConfig                                      Libraries\STM32L1xx_StdPeriph_Driver\src\stm32l1xx_aes.o
AES_IVInit                                        Libraries\STM32L1xx_StdPeriph_Driver\src\stm32l1xx_aes.o
                                                  Libraries\STM32L1xx_StdPeriph_Driver\src\stm32l1xx_aes_util.o
AES_IVStructInit                                  Libraries\STM32L1xx_StdPeriph_Driver\src\stm32l1xx_aes.o
AES_Init                                          Libraries\STM32L1xx_StdPeriph_Driver\src\stm32l1xx_aes.o
                                                  Libraries\STM32L1xx_StdPeriph_Driver\src\stm32l1xx_aes_util.o
AES_KeyInit                                       Libraries\STM32L1xx_StdPeriph_Driver\src\stm32l1xx_aes.o
                                                  Libraries\STM32L1xx_StdPeriph_Driver\src\stm32l1xx_aes_util.o
AES_KeyStructInit                                 Libraries\STM32L1xx_StdPeriph_Driver\src\stm32l1xx_aes.o
AES_ReadIV                                        Libraries\STM32L1xx_StdPeriph_Driver\src\stm32l1xx_aes.o
AES_ReadKey                                       Libraries\STM32L1xx_StdPeriph_Driver\src\stm32l1xx_aes.o
AES_ReadSubData                                   Libraries\STM32L1xx_StdPeriph_Driver\src\stm32l1xx_aes.o
                                                  Libraries\STM32L1xx_StdPeriph_Driver\src\stm32l1xx_aes_util.o
AES_StructInit                                    Libraries\STM32L1xx_StdPeriph_Driver\src\stm32l1xx_aes.o
AES_WriteSubData                                  Libraries\STM32L1xx_StdPeriph_Driver\src\stm32l1xx_aes.o
                                                  Libraries\STM32L1xx_StdPeriph_Driver\src\stm32l1xx_aes_util.o
AHBPrescTable                                     src\system_stm32l1xx.o
BusFault_Handler                                  src\stm32l1xx_it.o
                                                  src\startup_stm32l1xx_hd.o
COMP_ACQ_IRQHandler                               src\startup_stm32l1xx_hd.o
COMP_Cmd                                          Libraries\STM32L1xx_StdPeriph_Driver\src\stm32l1xx_comp.o
COMP_DeInit                                       Libraries\STM32L1xx_StdPeriph_Driver\src\stm32l1xx_comp.o
COMP_GetOutputLevel                               Libraries\STM32L1xx_StdPeriph_Driver\src\stm32l1xx_comp.o
COMP_IRQHandler                                   src\startup_stm32l1xx_hd.o
COMP_Init                                         Libraries\STM32L1xx_StdPeriph_Driver\src\stm32l1xx_comp.o
COMP_SW1SwitchConfig                              Libraries\STM32L1xx_StdPeriph_Driver\src\stm32l1xx_comp.o
COMP_VrefintOutputCmd                             Libraries\STM32L1xx_StdPeriph_Driver\src\stm32l1xx_comp.o
COMP_WindowCmd                                    Libraries\STM32L1xx_StdPeriph_Driver\src\stm32l1xx_comp.o
CRC_CalcBlockCRC                                  Libraries\STM32L1xx_StdPeriph_Driver\src\stm32l1xx_crc.o
CRC_CalcCRC                                       Libraries\STM32L1xx_StdPeriph_Driver\src\stm32l1xx_crc.o
CRC_GetCRC                                        Libraries\STM32L1xx_StdPeriph_Driver\src\stm32l1xx_crc.o
CRC_GetIDRegister                                 Libraries\STM32L1xx_StdPeriph_Driver\src\stm32l1xx_crc.o
CRC_ResetDR                                       Libraries\STM32L1xx_StdPeriph_Driver\src\stm32l1xx_crc.o
CRC_SetIDRegister                                 Libraries\STM32L1xx_StdPeriph_Driver\src\stm32l1xx_crc.o
DAC_ClearFlag                                     Libraries\STM32L1xx_StdPeriph_Driver\src\stm32l1xx_dac.o
DAC_ClearITPendingBit                             Libraries\STM32L1xx_StdPeriph_Driver\src\stm32l1xx_dac.o
DAC_Cmd                                           Libraries\STM32L1xx_StdPeriph_Driver\src\stm32l1xx_dac.o
DAC_DMACmd                                        Libraries\STM32L1xx_StdPeriph_Driver\src\stm32l1xx_dac.o
DAC_DeInit                                        Libraries\STM32L1xx_StdPeriph_Driver\src\stm32l1xx_dac.o
DAC_DualSoftwareTriggerCmd                        Libraries\STM32L1xx_StdPeriph_Driver\src\stm32l1xx_dac.o
DAC_GetDataOutputValue                            Libraries\STM32L1xx_StdPeriph_Driver\src\stm32l1xx_dac.o
DAC_GetFlagStatus                                 Libraries\STM32L1xx_StdPeriph_Driver\src\stm32l1xx_dac.o
DAC_GetITStatus                                   Libraries\STM32L1xx_StdPeriph_Driver\src\stm32l1xx_dac.o
DAC_IRQHandler                                    src\startup_stm32l1xx_hd.o
DAC_ITConfig                                      Libraries\STM32L1xx_StdPeriph_Driver\src\stm32l1xx_dac.o
DAC_Init                                          Libraries\STM32L1xx_StdPeriph_Driver\src\stm32l1xx_dac.o
DAC_SetChannel1Data                               Libraries\STM32L1xx_StdPeriph_Driver\src\stm32l1xx_dac.o
DAC_SetChannel2Data                               Libraries\STM32L1xx_StdPeriph_Driver\src\stm32l1xx_dac.o
DAC_SetDualChannelData                            Libraries\STM32L1xx_StdPeriph_Driver\src\stm32l1xx_dac.o
DAC_SoftwareTriggerCmd                            Libraries\STM32L1xx_StdPeriph_Driver\src\stm32l1xx_dac.o
DAC_StructInit                                    Libraries\STM32L1xx_StdPeriph_Driver\src\stm32l1xx_dac.o
DAC_WaveGenerationCmd                             Libraries\STM32L1xx_StdPeriph_Driver\src\stm32l1xx_dac.o
DATA_EEPROM_EraseByte                             Libraries\STM32L1xx_StdPeriph_Driver\src\stm32l1xx_flash.o
DATA_EEPROM_EraseDoubleWord                       Libraries\STM32L1xx_StdPeriph_Driver\src\stm32l1xx_flash_ramfunc.o
DATA_EEPROM_EraseHalfWord                         Libraries\STM32L1xx_StdPeriph_Driver\src\stm32l1xx_flash.o
DATA_EEPROM_EraseWord                             Libraries\STM32L1xx_StdPeriph_Driver\src\stm32l1xx_flash.o
DATA_EEPROM_FastProgramByte                       Libraries\STM32L1xx_StdPeriph_Driver\src\stm32l1xx_flash.o
DATA_EEPROM_FastProgramHalfWord                   Libraries\STM32L1xx_StdPeriph_Driver\src\stm32l1xx_flash.o
DATA_EEPROM_FastProgramWord                       Libraries\STM32L1xx_StdPeriph_Driver\src\stm32l1xx_flash.o
DATA_EEPROM_FixedTimeProgramCmd                   Libraries\STM32L1xx_StdPeriph_Driver\src\stm32l1xx_flash.o
DATA_EEPROM_Lock                                  Libraries\STM32L1xx_StdPeriph_Driver\src\stm32l1xx_flash.o
DATA_EEPROM_ProgramByte                           Libraries\STM32L1xx_StdPeriph_Driver\src\stm32l1xx_flash.o
DATA_EEPROM_ProgramDoubleWord                     Libraries\STM32L1xx_StdPeriph_Driver\src\stm32l1xx_flash_ramfunc.o
DATA_EEPROM_ProgramHalfWord                       Libraries\STM32L1xx_StdPeriph_Driver\src\stm32l1xx_flash.o
DATA_EEPROM_ProgramWord                           Libraries\STM32L1xx_StdPeriph_Driver\src\stm32l1xx_flash.o
DATA_EEPROM_Unlock                                Libraries\STM32L1xx_StdPeriph_Driver\src\stm32l1xx_flash.o
DBGMCU_APB1PeriphConfig                           Libraries\STM32L1xx_StdPeriph_Driver\src\stm32l1xx_dbgmcu.o
DBGMCU_APB2PeriphConfig                           Libraries\STM32L1xx_StdPeriph_Driver\src\stm32l1xx_dbgmcu.o
DBGMCU_Config                                     Libraries\STM32L1xx_StdPeriph_Driver\src\stm32l1xx_dbgmcu.o
DBGMCU_GetDEVID                                   Libraries\STM32L1xx_StdPeriph_Driver\src\stm32l1xx_dbgmcu.o
DBGMCU_GetREVID                                   Libraries\STM32L1xx_StdPeriph_Driver\src\stm32l1xx_dbgmcu.o
DMA1_Channel1_IRQHandler                          src\startup_stm32l1xx_hd.o
DMA1_Channel2_IRQHandler                          src\startup_stm32l1xx_hd.o
DMA1_Channel3_IRQHandler                          src\startup_stm32l1xx_hd.o
DMA1_Channel4_IRQHandler                          src\startup_stm32l1xx_hd.o
DMA1_Channel5_IRQHandler                          src\startup_stm32l1xx_hd.o
DMA1_Channel6_IRQHandler                          src\startup_stm32l1xx_hd.o
DMA1_Channel7_IRQHandler                          src\startup_stm32l1xx_hd.o
DMA2_Channel1_IRQHandler                          src\startup_stm32l1xx_hd.o
DMA2_Channel2_IRQHandler                          src\startup_stm32l1xx_hd.o
DMA2_Channel3_IRQHandler                          src\startup_stm32l1xx_hd.o
DMA2_Channel4_IRQHandler                          src\startup_stm32l1xx_hd.o
DMA2_Channel5_IRQHandler                          src\startup_stm32l1xx_hd.o
DMA_ClearFlag                                     Libraries\STM32L1xx_StdPeriph_Driver\src\stm32l1xx_dma.o
DMA_ClearITPendingBit                             Libraries\STM32L1xx_StdPeriph_Driver\src\stm32l1xx_dma.o
DMA_Cmd                                           Libraries\STM32L1xx_StdPeriph_Driver\src\stm32l1xx_dma.o
DMA_DeInit                                        Libraries\STM32L1xx_StdPeriph_Driver\src\stm32l1xx_dma.o
DMA_GetCurrDataCounter                            Libraries\STM32L1xx_StdPeriph_Driver\src\stm32l1xx_dma.o
DMA_GetFlagStatus                                 Libraries\STM32L1xx_StdPeriph_Driver\src\stm32l1xx_dma.o
DMA_GetITStatus                                   Libraries\STM32L1xx_StdPeriph_Driver\src\stm32l1xx_dma.o
DMA_ITConfig                                      Libraries\STM32L1xx_StdPeriph_Driver\src\stm32l1xx_dma.o
DMA_Init                                          Libraries\STM32L1xx_StdPeriph_Driver\src\stm32l1xx_dma.o
DMA_SetCurrDataCounter                            Libraries\STM32L1xx_StdPeriph_Driver\src\stm32l1xx_dma.o
DMA_StructInit                                    Libraries\STM32L1xx_StdPeriph_Driver\src\stm32l1xx_dma.o
DebugMon_Handler                                  src\stm32l1xx_it.o
                                                  src\startup_stm32l1xx_hd.o
Default_Handler                                   src\startup_stm32l1xx_hd.o
DutyCycle                                         src\main.o
                                                  src\functions.o
                                                  src\communication\rx.o
EXTI0_IRQHandler                                  src\startup_stm32l1xx_hd.o
EXTI15_10_IRQHandler                              src\startup_stm32l1xx_hd.o
EXTI1_IRQHandler                                  src\startup_stm32l1xx_hd.o
EXTI2_IRQHandler                                  src\startup_stm32l1xx_hd.o
EXTI3_IRQHandler                                  src\startup_stm32l1xx_hd.o
EXTI4_IRQHandler                                  src\startup_stm32l1xx_hd.o
EXTI9_5_IRQHandler                                src\startup_stm32l1xx_hd.o
EXTI_ClearFlag                                    Libraries\STM32L1xx_StdPeriph_Driver\src\stm32l1xx_exti.o
EXTI_ClearITPendingBit                            Libraries\STM32L1xx_StdPeriph_Driver\src\stm32l1xx_exti.o
EXTI_DeInit                                       Libraries\STM32L1xx_StdPeriph_Driver\src\stm32l1xx_exti.o
EXTI_GenerateSWInterrupt                          Libraries\STM32L1xx_StdPeriph_Driver\src\stm32l1xx_exti.o
EXTI_GetFlagStatus                                Libraries\STM32L1xx_StdPeriph_Driver\src\stm32l1xx_exti.o
EXTI_GetITStatus                                  Libraries\STM32L1xx_StdPeriph_Driver\src\stm32l1xx_exti.o
EXTI_Init                                         Libraries\STM32L1xx_StdPeriph_Driver\src\stm32l1xx_exti.o
EXTI_StructInit                                   Libraries\STM32L1xx_StdPeriph_Driver\src\stm32l1xx_exti.o
FLASH_ClearFlag                                   Libraries\STM32L1xx_StdPeriph_Driver\src\stm32l1xx_flash.o
FLASH_ErasePage                                   Libraries\STM32L1xx_StdPeriph_Driver\src\stm32l1xx_flash.o
FLASH_EraseParallelPage                           Libraries\STM32L1xx_StdPeriph_Driver\src\stm32l1xx_flash_ramfunc.o
FLASH_FastProgramWord                             Libraries\STM32L1xx_StdPeriph_Driver\src\stm32l1xx_flash.o
FLASH_GetFlagStatus                               Libraries\STM32L1xx_StdPeriph_Driver\src\stm32l1xx_flash.o
FLASH_GetStatus                                   Libraries\STM32L1xx_StdPeriph_Driver\src\stm32l1xx_flash.o
FLASH_IRQHandler                                  src\startup_stm32l1xx_hd.o
FLASH_ITConfig                                    Libraries\STM32L1xx_StdPeriph_Driver\src\stm32l1xx_flash.o
FLASH_Lock                                        Libraries\STM32L1xx_StdPeriph_Driver\src\stm32l1xx_flash.o
FLASH_OB_BORConfig                                Libraries\STM32L1xx_StdPeriph_Driver\src\stm32l1xx_flash.o
FLASH_OB_BootConfig                               Libraries\STM32L1xx_StdPeriph_Driver\src\stm32l1xx_flash.o
FLASH_OB_GetBOR                                   Libraries\STM32L1xx_StdPeriph_Driver\src\stm32l1xx_flash.o
FLASH_OB_GetRDP                                   Libraries\STM32L1xx_StdPeriph_Driver\src\stm32l1xx_flash.o
FLASH_OB_GetUser                                  Libraries\STM32L1xx_StdPeriph_Driver\src\stm32l1xx_flash.o
FLASH_OB_GetWRP                                   Libraries\STM32L1xx_StdPeriph_Driver\src\stm32l1xx_flash.o
FLASH_OB_GetWRP1                                  Libraries\STM32L1xx_StdPeriph_Driver\src\stm32l1xx_flash.o
FLASH_OB_GetWRP2                                  Libraries\STM32L1xx_StdPeriph_Driver\src\stm32l1xx_flash.o
FLASH_OB_Launch                                   Libraries\STM32L1xx_StdPeriph_Driver\src\stm32l1xx_flash.o
FLASH_OB_Lock                                     Libraries\STM32L1xx_StdPeriph_Driver\src\stm32l1xx_flash.o
FLASH_OB_RDPConfig                                Libraries\STM32L1xx_StdPeriph_Driver\src\stm32l1xx_flash.o
FLASH_OB_Unlock                                   Libraries\STM32L1xx_StdPeriph_Driver\src\stm32l1xx_flash.o
FLASH_OB_UserConfig                               Libraries\STM32L1xx_StdPeriph_Driver\src\stm32l1xx_flash.o
FLASH_OB_WRP1Config                               Libraries\STM32L1xx_StdPeriph_Driver\src\stm32l1xx_flash.o
FLASH_OB_WRP2Config                               Libraries\STM32L1xx_StdPeriph_Driver\src\stm32l1xx_flash.o
FLASH_OB_WRPConfig                                Libraries\STM32L1xx_StdPeriph_Driver\src\stm32l1xx_flash.o
FLASH_PrefetchBufferCmd                           Libraries\STM32L1xx_StdPeriph_Driver\src\stm32l1xx_flash.o
FLASH_ProgramHalfPage                             Libraries\STM32L1xx_StdPeriph_Driver\src\stm32l1xx_flash_ramfunc.o
FLASH_ProgramParallelHalfPage                     Libraries\STM32L1xx_StdPeriph_Driver\src\stm32l1xx_flash_ramfunc.o
FLASH_RUNPowerDownCmd                             Libraries\STM32L1xx_StdPeriph_Driver\src\stm32l1xx_flash_ramfunc.o
FLASH_ReadAccess64Cmd                             Libraries\STM32L1xx_StdPeriph_Driver\src\stm32l1xx_flash.o
FLASH_SLEEPPowerDownCmd                           Libraries\STM32L1xx_StdPeriph_Driver\src\stm32l1xx_flash.o
FLASH_SetLatency                                  Libraries\STM32L1xx_StdPeriph_Driver\src\stm32l1xx_flash.o
FLASH_Unlock                                      Libraries\STM32L1xx_StdPeriph_Driver\src\stm32l1xx_flash.o
FLASH_WaitForLastOperation                        Libraries\STM32L1xx_StdPeriph_Driver\src\stm32l1xx_flash.o
FSMC_NORSRAMCmd                                   Libraries\STM32L1xx_StdPeriph_Driver\src\stm32l1xx_fsmc.o
FSMC_NORSRAMDeInit                                Libraries\STM32L1xx_StdPeriph_Driver\src\stm32l1xx_fsmc.o
FSMC_NORSRAMInit                                  Libraries\STM32L1xx_StdPeriph_Driver\src\stm32l1xx_fsmc.o
FSMC_NORSRAMStructInit                            Libraries\STM32L1xx_StdPeriph_Driver\src\stm32l1xx_fsmc.o
Frequency                                         src\main.o
                                                  src\functions.o
                                                  src\communication\rx.o
GPIO_DeInit                                       Libraries\STM32L1xx_StdPeriph_Driver\src\stm32l1xx_gpio.o
GPIO_Init                                         Libraries\STM32L1xx_StdPeriph_Driver\src\stm32l1xx_gpio.o
                                                  src\device_libraries\motor_control.o
                                                  src\communication\usart.o
                                                  src\communication\spi.o
                                                  src\communication\rx.o
GPIO_PWM_init                                     src\device_libraries\motor_control.o
GPIO_PinAFConfig                                  Libraries\STM32L1xx_StdPeriph_Driver\src\stm32l1xx_gpio.o
                                                  src\device_libraries\motor_control.o
                                                  src\communication\usart.o
                                                  src\communication\spi.o
                                                  src\communication\rx.o
GPIO_PinLockConfig                                Libraries\STM32L1xx_StdPeriph_Driver\src\stm32l1xx_gpio.o
GPIO_ReadInputData                                Libraries\STM32L1xx_StdPeriph_Driver\src\stm32l1xx_gpio.o
GPIO_ReadInputDataBit                             Libraries\STM32L1xx_StdPeriph_Driver\src\stm32l1xx_gpio.o
GPIO_ReadOutputData                               Libraries\STM32L1xx_StdPeriph_Driver\src\stm32l1xx_gpio.o
GPIO_ReadOutputDataBit                            Libraries\STM32L1xx_StdPeriph_Driver\src\stm32l1xx_gpio.o
GPIO_ResetBits                                    Libraries\STM32L1xx_StdPeriph_Driver\src\stm32l1xx_gpio.o
                                                  src\functions.o
                                                  src\communication\spi.o
GPIO_SetBits                                      Libraries\STM32L1xx_StdPeriph_Driver\src\stm32l1xx_gpio.o
                                                  src\functions.o
                                                  src\communication\spi.o
GPIO_StructInit                                   Libraries\STM32L1xx_StdPeriph_Driver\src\stm32l1xx_gpio.o
GPIO_ToggleBits                                   Libraries\STM32L1xx_StdPeriph_Driver\src\stm32l1xx_gpio.o
GPIO_Write                                        Libraries\STM32L1xx_StdPeriph_Driver\src\stm32l1xx_gpio.o
GPIO_WriteBit                                     Libraries\STM32L1xx_StdPeriph_Driver\src\stm32l1xx_gpio.o
GPIO_init                                         src\communication\rx.o
HardFault_Handler                                 src\stm32l1xx_it.o
                                                  src\startup_stm32l1xx_hd.o
I2C1_ER_IRQHandler                                src\startup_stm32l1xx_hd.o
I2C1_EV_IRQHandler                                src\startup_stm32l1xx_hd.o
I2C2_ER_IRQHandler                                src\startup_stm32l1xx_hd.o
I2C2_EV_IRQHandler                                src\startup_stm32l1xx_hd.o
I2C_ARPCmd                                        Libraries\STM32L1xx_StdPeriph_Driver\src\stm32l1xx_i2c.o
I2C_AcknowledgeConfig                             Libraries\STM32L1xx_StdPeriph_Driver\src\stm32l1xx_i2c.o
I2C_CalculatePEC                                  Libraries\STM32L1xx_StdPeriph_Driver\src\stm32l1xx_i2c.o
I2C_CheckEvent                                    Libraries\STM32L1xx_StdPeriph_Driver\src\stm32l1xx_i2c.o
I2C_ClearFlag                                     Libraries\STM32L1xx_StdPeriph_Driver\src\stm32l1xx_i2c.o
I2C_ClearITPendingBit                             Libraries\STM32L1xx_StdPeriph_Driver\src\stm32l1xx_i2c.o
I2C_Cmd                                           Libraries\STM32L1xx_StdPeriph_Driver\src\stm32l1xx_i2c.o
I2C_DMACmd                                        Libraries\STM32L1xx_StdPeriph_Driver\src\stm32l1xx_i2c.o
I2C_DMALastTransferCmd                            Libraries\STM32L1xx_StdPeriph_Driver\src\stm32l1xx_i2c.o
I2C_DeInit                                        Libraries\STM32L1xx_StdPeriph_Driver\src\stm32l1xx_i2c.o
I2C_DualAddressCmd                                Libraries\STM32L1xx_StdPeriph_Driver\src\stm32l1xx_i2c.o
I2C_FastModeDutyCycleConfig                       Libraries\STM32L1xx_StdPeriph_Driver\src\stm32l1xx_i2c.o
I2C_GeneralCallCmd                                Libraries\STM32L1xx_StdPeriph_Driver\src\stm32l1xx_i2c.o
I2C_GenerateSTART                                 Libraries\STM32L1xx_StdPeriph_Driver\src\stm32l1xx_i2c.o
I2C_GenerateSTOP                                  Libraries\STM32L1xx_StdPeriph_Driver\src\stm32l1xx_i2c.o
I2C_GetFlagStatus                                 Libraries\STM32L1xx_StdPeriph_Driver\src\stm32l1xx_i2c.o
I2C_GetITStatus                                   Libraries\STM32L1xx_StdPeriph_Driver\src\stm32l1xx_i2c.o
I2C_GetLastEvent                                  Libraries\STM32L1xx_StdPeriph_Driver\src\stm32l1xx_i2c.o
I2C_GetPEC                                        Libraries\STM32L1xx_StdPeriph_Driver\src\stm32l1xx_i2c.o
I2C_ITConfig                                      Libraries\STM32L1xx_StdPeriph_Driver\src\stm32l1xx_i2c.o
I2C_Init                                          Libraries\STM32L1xx_StdPeriph_Driver\src\stm32l1xx_i2c.o
I2C_NACKPositionConfig                            Libraries\STM32L1xx_StdPeriph_Driver\src\stm32l1xx_i2c.o
I2C_OwnAddress2Config                             Libraries\STM32L1xx_StdPeriph_Driver\src\stm32l1xx_i2c.o
I2C_PECPositionConfig                             Libraries\STM32L1xx_StdPeriph_Driver\src\stm32l1xx_i2c.o
I2C_ReadRegister                                  Libraries\STM32L1xx_StdPeriph_Driver\src\stm32l1xx_i2c.o
I2C_ReceiveData                                   Libraries\STM32L1xx_StdPeriph_Driver\src\stm32l1xx_i2c.o
I2C_SMBusAlertConfig                              Libraries\STM32L1xx_StdPeriph_Driver\src\stm32l1xx_i2c.o
I2C_Send7bitAddress                               Libraries\STM32L1xx_StdPeriph_Driver\src\stm32l1xx_i2c.o
I2C_SendData                                      Libraries\STM32L1xx_StdPeriph_Driver\src\stm32l1xx_i2c.o
I2C_SoftwareResetCmd                              Libraries\STM32L1xx_StdPeriph_Driver\src\stm32l1xx_i2c.o
I2C_StretchClockCmd                               Libraries\STM32L1xx_StdPeriph_Driver\src\stm32l1xx_i2c.o
I2C_StructInit                                    Libraries\STM32L1xx_StdPeriph_Driver\src\stm32l1xx_i2c.o
I2C_TransmitPEC                                   Libraries\STM32L1xx_StdPeriph_Driver\src\stm32l1xx_i2c.o
I2S_Cmd                                           Libraries\STM32L1xx_StdPeriph_Driver\src\stm32l1xx_spi.o
I2S_Init                                          Libraries\STM32L1xx_StdPeriph_Driver\src\stm32l1xx_spi.o
I2S_StructInit                                    Libraries\STM32L1xx_StdPeriph_Driver\src\stm32l1xx_spi.o
IC2Value                                          src\main.o
                                                  src\functions.o
                                                  src\communication\rx.o
IWDG_Enable                                       Libraries\STM32L1xx_StdPeriph_Driver\src\stm32l1xx_iwdg.o
IWDG_GetFlagStatus                                Libraries\STM32L1xx_StdPeriph_Driver\src\stm32l1xx_iwdg.o
IWDG_ReloadCounter                                Libraries\STM32L1xx_StdPeriph_Driver\src\stm32l1xx_iwdg.o
IWDG_SetPrescaler                                 Libraries\STM32L1xx_StdPeriph_Driver\src\stm32l1xx_iwdg.o
IWDG_SetReload                                    Libraries\STM32L1xx_StdPeriph_Driver\src\stm32l1xx_iwdg.o
IWDG_WriteAccessCmd                               Libraries\STM32L1xx_StdPeriph_Driver\src\stm32l1xx_iwdg.o
LCD_BlinkConfig                                   Libraries\STM32L1xx_StdPeriph_Driver\src\stm32l1xx_lcd.o
LCD_ClearFlag                                     Libraries\STM32L1xx_StdPeriph_Driver\src\stm32l1xx_lcd.o
LCD_ClearITPendingBit                             Libraries\STM32L1xx_StdPeriph_Driver\src\stm32l1xx_lcd.o
LCD_Cmd                                           Libraries\STM32L1xx_StdPeriph_Driver\src\stm32l1xx_lcd.o
LCD_ContrastConfig                                Libraries\STM32L1xx_StdPeriph_Driver\src\stm32l1xx_lcd.o
LCD_DeInit                                        Libraries\STM32L1xx_StdPeriph_Driver\src\stm32l1xx_lcd.o
LCD_DeadTimeConfig                                Libraries\STM32L1xx_StdPeriph_Driver\src\stm32l1xx_lcd.o
LCD_GetFlagStatus                                 Libraries\STM32L1xx_StdPeriph_Driver\src\stm32l1xx_lcd.o
LCD_GetITStatus                                   Libraries\STM32L1xx_StdPeriph_Driver\src\stm32l1xx_lcd.o
LCD_HighDriveCmd                                  Libraries\STM32L1xx_StdPeriph_Driver\src\stm32l1xx_lcd.o
LCD_IRQHandler                                    src\startup_stm32l1xx_hd.o
LCD_ITConfig                                      Libraries\STM32L1xx_StdPeriph_Driver\src\stm32l1xx_lcd.o
LCD_Init                                          Libraries\STM32L1xx_StdPeriph_Driver\src\stm32l1xx_lcd.o
LCD_MuxSegmentCmd                                 Libraries\STM32L1xx_StdPeriph_Driver\src\stm32l1xx_lcd.o
LCD_PulseOnDurationConfig                         Libraries\STM32L1xx_StdPeriph_Driver\src\stm32l1xx_lcd.o
LCD_StructInit                                    Libraries\STM32L1xx_StdPeriph_Driver\src\stm32l1xx_lcd.o
LCD_UpdateDisplayRequest                          Libraries\STM32L1xx_StdPeriph_Driver\src\stm32l1xx_lcd.o
LCD_WaitForSynchro                                Libraries\STM32L1xx_StdPeriph_Driver\src\stm32l1xx_lcd.o
LCD_Write                                         Libraries\STM32L1xx_StdPeriph_Driver\src\stm32l1xx_lcd.o
Magnetometer                                      src\main.o
                                                  src\functions.o
                                                  src\device_libraries\MPU_9250.o
Magnetometer_ASA                                  src\main.o
                                                  src\functions.o
                                                  src\device_libraries\MPU_9250.o
MemManage_Handler                                 src\stm32l1xx_it.o
                                                  src\startup_stm32l1xx_hd.o
NMI_Handler                                       src\stm32l1xx_it.o
                                                  src\startup_stm32l1xx_hd.o
NVIC_Init                                         Libraries\STM32L1xx_StdPeriph_Driver\src\misc.o
                                                  src\functions.o
                                                  src\communication\usart.o
                                                  src\communication\rx.o
NVIC_PriorityGroupConfig                          Libraries\STM32L1xx_StdPeriph_Driver\src\misc.o
                                                  src\communication\usart.o
NVIC_SetVectorTable                               Libraries\STM32L1xx_StdPeriph_Driver\src\misc.o
NVIC_SystemLPConfig                               Libraries\STM32L1xx_StdPeriph_Driver\src\misc.o
NVIC_init                                         src\communication\rx.o
OPAMP_Cmd                                         Libraries\STM32L1xx_StdPeriph_Driver\src\stm32l1xx_opamp.o
OPAMP_DeInit                                      Libraries\STM32L1xx_StdPeriph_Driver\src\stm32l1xx_opamp.o
OPAMP_GetFlagStatus                               Libraries\STM32L1xx_StdPeriph_Driver\src\stm32l1xx_opamp.o
OPAMP_LowPowerCmd                                 Libraries\STM32L1xx_StdPeriph_Driver\src\stm32l1xx_opamp.o
OPAMP_OffsetTrimConfig                            Libraries\STM32L1xx_StdPeriph_Driver\src\stm32l1xx_opamp.o
OPAMP_OffsetTrimLowPowerConfig                    Libraries\STM32L1xx_StdPeriph_Driver\src\stm32l1xx_opamp.o
OPAMP_OffsetTrimmingModeSelect                    Libraries\STM32L1xx_StdPeriph_Driver\src\stm32l1xx_opamp.o
OPAMP_PowerRangeSelect                            Libraries\STM32L1xx_StdPeriph_Driver\src\stm32l1xx_opamp.o
OPAMP_SwitchCmd                                   Libraries\STM32L1xx_StdPeriph_Driver\src\stm32l1xx_opamp.o
PID_pitch_control                                 src\functions.o
PID_roll_control                                  src\functions.o
PID_stabilization_control                         src\functions.o
PID_yaw_control                                   src\functions.o
PLLMulTable                                       src\system_stm32l1xx.o
PVD_IRQHandler                                    src\startup_stm32l1xx_hd.o
PWM_init                                          src\device_libraries\motor_control.o
PWR_ClearFlag                                     Libraries\STM32L1xx_StdPeriph_Driver\src\stm32l1xx_pwr.o
PWR_DeInit                                        Libraries\STM32L1xx_StdPeriph_Driver\src\stm32l1xx_pwr.o
PWR_EnterLowPowerRunMode                          Libraries\STM32L1xx_StdPeriph_Driver\src\stm32l1xx_pwr.o
PWR_EnterSTANDBYMode                              Libraries\STM32L1xx_StdPeriph_Driver\src\stm32l1xx_pwr.o
PWR_EnterSTOPMode                                 Libraries\STM32L1xx_StdPeriph_Driver\src\stm32l1xx_pwr.o
PWR_EnterSleepMode                                Libraries\STM32L1xx_StdPeriph_Driver\src\stm32l1xx_pwr.o
PWR_FastWakeUpCmd                                 Libraries\STM32L1xx_StdPeriph_Driver\src\stm32l1xx_pwr.o
PWR_GetFlagStatus                                 Libraries\STM32L1xx_StdPeriph_Driver\src\stm32l1xx_pwr.o
PWR_PVDCmd                                        Libraries\STM32L1xx_StdPeriph_Driver\src\stm32l1xx_pwr.o
PWR_PVDLevelConfig                                Libraries\STM32L1xx_StdPeriph_Driver\src\stm32l1xx_pwr.o
PWR_RTCAccessCmd                                  Libraries\STM32L1xx_StdPeriph_Driver\src\stm32l1xx_pwr.o
PWR_UltraLowPowerCmd                              Libraries\STM32L1xx_StdPeriph_Driver\src\stm32l1xx_pwr.o
PWR_VoltageScalingConfig                          Libraries\STM32L1xx_StdPeriph_Driver\src\stm32l1xx_pwr.o
PWR_WakeUpPinCmd                                  Libraries\STM32L1xx_StdPeriph_Driver\src\stm32l1xx_pwr.o
PendSV_Handler                                    src\stm32l1xx_it.o
                                                  src\startup_stm32l1xx_hd.o
RCC_AHBPeriphClockCmd                             Libraries\STM32L1xx_StdPeriph_Driver\src\stm32l1xx_rcc.o
                                                  src\device_libraries\motor_control.o
                                                  src\communication\usart.o
                                                  src\communication\spi.o
                                                  src\communication\rx.o
RCC_AHBPeriphClockLPModeCmd                       Libraries\STM32L1xx_StdPeriph_Driver\src\stm32l1xx_rcc.o
RCC_AHBPeriphResetCmd                             Libraries\STM32L1xx_StdPeriph_Driver\src\stm32l1xx_rcc.o
                                                  Libraries\STM32L1xx_StdPeriph_Driver\src\stm32l1xx_gpio.o
                                                  Libraries\STM32L1xx_StdPeriph_Driver\src\stm32l1xx_aes.o
RCC_APB1PeriphClockCmd                            Libraries\STM32L1xx_StdPeriph_Driver\src\stm32l1xx_rcc.o
                                                  src\functions.o
                                                  src\device_libraries\motor_control.o
                                                  src\communication\usart.o
                                                  src\communication\rx.o
RCC_APB1PeriphClockLPModeCmd                      Libraries\STM32L1xx_StdPeriph_Driver\src\stm32l1xx_rcc.o
RCC_APB1PeriphResetCmd                            Libraries\STM32L1xx_StdPeriph_Driver\src\stm32l1xx_rcc.o
                                                  Libraries\STM32L1xx_StdPeriph_Driver\src\stm32l1xx_wwdg.o
                                                  Libraries\STM32L1xx_StdPeriph_Driver\src\stm32l1xx_usart.o
                                                  Libraries\STM32L1xx_StdPeriph_Driver\src\stm32l1xx_tim.o
                                                  Libraries\STM32L1xx_StdPeriph_Driver\src\stm32l1xx_spi.o
                                                  Libraries\STM32L1xx_StdPeriph_Driver\src\stm32l1xx_pwr.o
                                                  Libraries\STM32L1xx_StdPeriph_Driver\src\stm32l1xx_lcd.o
                                                  Libraries\STM32L1xx_StdPeriph_Driver\src\stm32l1xx_i2c.o
                                                  Libraries\STM32L1xx_StdPeriph_Driver\src\stm32l1xx_dac.o
RCC_APB2PeriphClockCmd                            Libraries\STM32L1xx_StdPeriph_Driver\src\stm32l1xx_rcc.o
                                                  src\communication\spi.o
                                                  src\communication\rx.o